Component: ARM Compiler 5.06 update 3 (build 300) Tool: armlink [4d35c9]

==============================================================================

Section Cross References

    main.o(.text) refers to misc.o(.text) for NVIC_PriorityGroupConfig
    main.o(.text) refers to delay.o(.text) for delay_init
    main.o(.text) refers to usart.o(.text) for uart_init
    main.o(.text) refers to lcd.o(.text) for LCD_Init
    main.o(.text) refers to key.o(.text) for KEY_Init
    main.o(.text) refers to dac.o(.text) for sin_Generation1
    main.o(.text) refers to pwm.o(.text) for TIM14_PWM_Init
    main.o(.text) refers to touch.o(.text) for IfTouch
    main.o(.text) refers to stm32f4xx_tim.o(.text) for TIM_Cmd
    main.o(.text) refers to stm32f4xx_dac.o(.text) for DAC_DMACmd
    main.o(.text) refers to dleqf.o(x$fpl$dleqf) for __aeabi_cdcmple
    main.o(.text) refers to daddsub_clz.o(x$fpl$dsub) for __aeabi_dsub
    main.o(.text) refers to drleqf.o(x$fpl$drleqf) for __aeabi_cdrcmple
    main.o(.text) refers to daddsub_clz.o(x$fpl$dadd) for __aeabi_dadd
    main.o(.text) refers to ddiv.o(x$fpl$ddiv) for __aeabi_ddiv
    main.o(.text) refers to dfixu.o(x$fpl$dfixu) for __aeabi_d2uiz
    main.o(.text) refers to stm32f4xx_dma.o(.text) for DMA_Cmd
    main.o(.text) refers to touch.o(.data) for tp_dev
    main.o(.text) refers to lcd.o(.data) for POINT_COLOR
    main.o(.text) refers to dmul.o(x$fpl$dmul) for __aeabi_dmul
    system_stm32f4xx.o(.text) refers to system_stm32f4xx.o(.data) for SystemCoreClock
    startup_stm32f40_41xxx.o(STACK) refers (Special) to heapauxi.o(.text) for __use_two_region_memory
    startup_stm32f40_41xxx.o(HEAP) refers (Special) to heapauxi.o(.text) for __use_two_region_memory
    startup_stm32f40_41xxx.o(RESET) refers (Special) to heapauxi.o(.text) for __use_two_region_memory
    startup_stm32f40_41xxx.o(RESET) refers to startup_stm32f40_41xxx.o(STACK) for __initial_sp
    startup_stm32f40_41xxx.o(RESET) refers to startup_stm32f40_41xxx.o(.text) for Reset_Handler
    startup_stm32f40_41xxx.o(RESET) refers to stm32f4xx_it.o(.text) for NMI_Handler
    startup_stm32f40_41xxx.o(RESET) refers to usart.o(.text) for USART1_IRQHandler
    startup_stm32f40_41xxx.o(.text) refers (Special) to heapauxi.o(.text) for __use_two_region_memory
    startup_stm32f40_41xxx.o(.text) refers to system_stm32f4xx.o(.text) for SystemInit
    startup_stm32f40_41xxx.o(.text) refers to __main.o(!!!main) for __main
    startup_stm32f40_41xxx.o(.text) refers to startup_stm32f40_41xxx.o(HEAP) for Heap_Mem
    startup_stm32f40_41xxx.o(.text) refers to startup_stm32f40_41xxx.o(STACK) for Stack_Mem
    stm32f4xx_adc.o(.text) refers to stm32f4xx_rcc.o(.text) for RCC_APB2PeriphResetCmd
    stm32f4xx_dac.o(.text) refers to stm32f4xx_rcc.o(.text) for RCC_APB1PeriphResetCmd
    stm32f4xx_gpio.o(.text) refers to stm32f4xx_rcc.o(.text) for RCC_AHB1PeriphResetCmd
    stm32f4xx_pwr.o(.text) refers to stm32f4xx_rcc.o(.text) for RCC_APB1PeriphResetCmd
    stm32f4xx_rcc.o(.text) refers to stm32f4xx_rcc.o(.data) for APBAHBPrescTable
    stm32f4xx_rng.o(.text) refers to stm32f4xx_rcc.o(.text) for RCC_AHB2PeriphResetCmd
    stm32f4xx_tim.o(.text) refers to stm32f4xx_rcc.o(.text) for RCC_APB2PeriphResetCmd
    stm32f4xx_wwdg.o(.text) refers to stm32f4xx_rcc.o(.text) for RCC_APB1PeriphResetCmd
    stm32f4xx_usart.o(.text) refers to stm32f4xx_rcc.o(.text) for RCC_APB2PeriphResetCmd
    stm32f4xx_fsmc.o(.text) refers to stm32f4xx_fsmc.o(.constdata) for FSMC_DefaultTimingStruct
    delay.o(.text) refers to misc.o(.text) for SysTick_CLKSourceConfig
    delay.o(.text) refers to delay.o(.data) for fac_us
    usart.o(.rev16_text) refers (Special) to use_no_semi_2.o(.text) for __use_no_semihosting
    usart.o(.revsh_text) refers (Special) to use_no_semi_2.o(.text) for __use_no_semihosting
    usart.o(.text) refers (Special) to use_no_semi_2.o(.text) for __use_no_semihosting
    usart.o(.text) refers to stm32f4xx_rcc.o(.text) for RCC_AHB1PeriphClockCmd
    usart.o(.text) refers to stm32f4xx_gpio.o(.text) for GPIO_PinAFConfig
    usart.o(.text) refers to stm32f4xx_usart.o(.text) for USART_Init
    usart.o(.text) refers to misc.o(.text) for NVIC_Init
    usart.o(.text) refers to usart.o(.data) for USART_RX_STA
    usart.o(.text) refers to usart.o(.bss) for USART_RX_BUF
    usart.o(.bss) refers (Special) to use_no_semi_2.o(.text) for __use_no_semihosting
    usart.o(.data) refers (Special) to use_no_semi_2.o(.text) for __use_no_semihosting
    dac.o(.text) refers to dflt_clz.o(x$fpl$dfltu) for __aeabi_ui2d
    dac.o(.text) refers to dmul.o(x$fpl$dmul) for __aeabi_dmul
    dac.o(.text) refers to ddiv.o(x$fpl$ddiv) for __aeabi_ddiv
    dac.o(.text) refers to sin.o(i.__hardfp_sin) for __hardfp_sin
    dac.o(.text) refers to daddsub_clz.o(x$fpl$dadd) for __aeabi_dadd
    dac.o(.text) refers to dfixu.o(x$fpl$dfixu) for __aeabi_d2uiz
    dac.o(.text) refers to stm32f4xx_rcc.o(.text) for RCC_APB1PeriphClockCmd
[...]
    C                                        0x0800ea98   Data          48  cos_i.o(.constdata)
    .constdata                               0x0800eac8   Section      200  rred.o(.constdata)
    pio2s                                    0x0800eac8   Data          48  rred.o(.constdata)
    twooverpi                                0x0800eaf8   Data         152  rred.o(.constdata)
    .constdata                               0x0800eb90   Section       40  sin_i.o(.constdata)
    S                                        0x0800eb90   Data          40  sin_i.o(.constdata)
    .conststring                             0x0800ebb8   Section      121  touch.o(.conststring)
    .data                                    0x20000000   Section       20  system_stm32f4xx.o(.data)
    .data                                    0x20000014   Section       16  stm32f4xx_rcc.o(.data)
    APBAHBPrescTable                         0x20000014   Data          16  stm32f4xx_rcc.o(.data)
    .data                                    0x20000024   Section        4  delay.o(.data)
    fac_us                                   0x20000024   Data           1  delay.o(.data)
    fac_ms                                   0x20000026   Data           2  delay.o(.data)
    .data                                    0x20000028   Section        6  usart.o(.data)
    .data                                    0x2000002e   Section        4  lcd.o(.data)
    .data                                    0x20000034   Section       54  touch.o(.data)
    .data                                    0x2000006a   Section        1  ott2001a.o(.data)
    t                                        0x2000006a   Data           1  ott2001a.o(.data)
    .data                                    0x2000006b   Section        1  gt9147.o(.data)
    t                                        0x2000006b   Data           1  gt9147.o(.data)
    .data                                    0x2000006c   Section        1  ft5206.o(.data)
    t                                        0x2000006c   Data           1  ft5206.o(.data)
    .bss                                     0x20000070   Section      200  usart.o(.bss)
    .bss                                     0x20000138   Section     1024  dac.o(.bss)
    .bss                                     0x20000538   Section       14  lcd.o(.bss)
    .bss                                     0x20000548   Section       96  libspace.o(.bss)
    HEAP                                     0x200005a8   Section      512  startup_stm32f40_41xxx.o(HEAP)
    Heap_Mem                                 0x200005a8   Data         512  startup_stm32f40_41xxx.o(HEAP)
    STACK                                    0x200007a8   Section     1024  startup_stm32f40_41xxx.o(STACK)
    Stack_Mem                                0x200007a8   Data        1024  startup_stm32f40_41xxx.o(STACK)
    __initial_sp                             0x20000ba8   Data           0  startup_stm32f40_41xxx.o(STACK)

    Global Symbols

    Symbol Name                              Value     Ov Type        Size  Object(Section)

    BuildAttributes$$THM_ISAv4$E$P$D$K$B$S$7EM$VFPi3$EXTD16$VFPS$VFMA$PE$A:L22UL41UL21$X:L11$S22US41US21$IEEE1$IW$USESV6$~STKCKD$USESV7$~SHL$OTIME$ROPI$IEEEX$EBA8$UX$STANDARDLIB$REQ8$PRES8$EABIv2 0x00000000   Number         0  anon$$obj.o ABSOLUTE
    __ARM_use_no_argv                        0x00000000   Number         0  main.o ABSOLUTE
    __ARM_exceptions_init                     - Undefined Weak Reference
    __alloca_initialize                       - Undefined Weak Reference
    __arm_preinit_                            - Undefined Weak Reference
    __cpp_initialize__aeabi_                  - Undefined Weak Reference
    __cxa_finalize                            - Undefined Weak Reference
    __rt_locale                               - Undefined Weak Reference
    __sigvec_lookup                           - Undefined Weak Reference
    _atexit_init                              - Undefined Weak Reference
    _call_atexit_fns                          - Undefined Weak Reference
    _clock_init                               - Undefined Weak Reference
    _fp_trap_init                             - Undefined Weak Reference
    _fp_trap_shutdown                         - Undefined Weak Reference
    _get_lc_collate                           - Undefined Weak Reference
    _get_lc_ctype                             - Undefined Weak Reference
    _get_lc_monetary                          - Undefined Weak Reference
    _get_lc_numeric                           - Undefined Weak Reference
    _get_lc_time                              - Undefined Weak Reference
    _getenv_init                              - Undefined Weak Reference
    _handle_redirection                       - Undefined Weak Reference
    _init_alloc                               - Undefined Weak Reference
    _init_user_alloc                          - Undefined Weak Reference
    _initio                                   - Undefined Weak Reference
    _mutex_acquire                            - Undefined Weak Reference
    _mutex_release                            - Undefined Weak Reference
    _printf_mbtowc                            - Undefined Weak Reference
    _printf_post_padding                      - Undefined Weak Reference
    _printf_pre_padding                       - Undefined Weak Reference
    _printf_truncate_signed                   - Undefined Weak Reference
    _printf_truncate_unsigned                 - Undefined Weak Reference
    _rand_init                                - Undefined Weak Reference
    _signal_finish                            - Undefined Weak Reference
    _signal_init                              - Undefined Weak Reference
    _terminate_alloc                          - Undefined Weak Reference
    _terminate_user_alloc                     - Undefined Weak Reference
    _terminateio                              - Undefined Weak Reference
    __Vectors_Size                           0x00000188   Number         0  startup_stm32f40_41xxx.o ABSOLUTE
    __Vectors                                0x08000000   Data           4  startup_stm32f40_41xxx.o(RESET)
    __Vectors_End                            0x08000188   Data           0  startup_stm32f40_41xxx.o(RESET)
    __main                                   0x08000189   Thumb Code     8  __main.o(!!!main)
    __scatterload                            0x08000191   Thumb Code     0  __scatter.o(!!!scatter)
    __scatterload_rt2                        0x08000191   Thumb Code    44  __scatter.o(!!!scatter)
    __scatterload_rt2_thumb_only             0x08000191   Thumb Code     0  __scatter.o(!!!scatter)
    __scatterload_null                       0x0800019f   Thumb Code     0  __scatter.o(!!!scatter)
    __scatterload_copy                       0x080001c5   Thumb Code    26  __scatter_copy.o(!!handler_copy)
    __scatterload_zeroinit                   0x080001e1   Thumb Code    28  __scatter_zi.o(!!handler_zi)
    _printf_d                                0x080001fd   Thumb Code     0  _printf_d.o(.ARM.Collect$$_printf_percent$$00000009)
    _printf_percent                          0x080001fd   Thumb Code     0  _printf_percent.o(.ARM.Collect$$_printf_percent$$00000000)
    _printf_x                                0x08000203   Thumb Code     0  _printf_x.o(.ARM.Collect$$_printf_percent$$0000000C)
    _printf_s                                0x08000209   Thumb Code     0  _printf_s.o(.ARM.Collect$$_printf_percent$$00000014)
    _printf_percent_end                      0x0800020f   Thumb Code     0  _printf_percent_end.o(.ARM.Collect$$_printf_percent$$00000017)
    __rt_lib_init                            0x08000213   Thumb Code     0  libinit.o(.ARM.Collect$$libinit$$00000000)
    __rt_lib_init_fp_1                       0x08000215   Thumb Code     0  libinit2.o(.ARM.Collect$$libinit$$00000001)
    __rt_lib_init_alloca_1                   0x08000219   Thumb Code     0  libinit2.o(.ARM.Collect$$libinit$$0000002E)
    __rt_lib_init_argv_1                     0x08000219   Thumb Code     0  libinit2.o(.ARM.Collect$$libinit$$0000002C)
    __rt_lib_init_atexit_1                   0x08000219   Thumb Code     0  libinit2.o(.ARM.Collect$$libinit$$0000001B)
    __rt_lib_init_clock_1                    0x08000219   Thumb Code     0  libinit2.o(.ARM.Collect$$libinit$$00000021)
    __rt_lib_init_cpp_1                      0x08000219   Thumb Code     0  libinit2.o(.ARM.Collect$$libinit$$00000032)
    __rt_lib_init_exceptions_1               0x08000219   Thumb Code     0  libinit2.o(.ARM.Collect$$libinit$$00000030)
    __rt_lib_init_fp_trap_1                  0x08000219   Thumb Code     0  libinit2.o(.ARM.Collect$$libinit$$0000001F)
    __rt_lib_init_getenv_1                   0x08000219   Thumb Code     0  libinit2.o(.ARM.Collect$$libinit$$00000023)
    __rt_lib_init_heap_1                     0x08000219   Thumb Code     0  libinit2.o(.ARM.Collect$$libinit$$0000000A)
    __rt_lib_init_lc_collate_1               0x08000219   Thumb Code     0  libinit2.o(.ARM.Collect$$libinit$$00000011)
    __rt_lib_init_lc_ctype_1                 0x08000219   Thumb Code     0  libinit2.o(.ARM.Collect$$libinit$$00000013)
    __rt_lib_init_lc_monetary_1              0x08000219   Thumb Code     0  libinit2.o(.ARM.Collect$$libinit$$00000015)
    __rt_lib_init_lc_numeric_1               0x08000219   Thumb Code     0  libinit2.o(.ARM.Collect$$libinit$$00000017)
    __rt_lib_init_lc_time_1                  0x08000219   Thumb Code     0  libinit2.o(.ARM.Collect$$libinit$$00000019)
    __rt_lib_init_preinit_1                  0x08000219   Thumb Code     0  libinit2.o(.ARM.Collect$$libinit$$00000004)
    __rt_lib_init_rand_1                     0x08000219   Thumb Code     0  libinit2.o(.ARM.Collect$$libinit$$0000000E)
    __rt_lib_init_return                     0x08000219   Thumb Code     0  libinit2.o(.ARM.Collect$$libinit$$00000033)
    __rt_lib_init_signal_1                   0x08000219   Thumb Code     0  libinit2.o(.ARM.Collect$$libinit$$0000001D)
    __rt_lib_init_stdio_1                    0x08000219   Thumb Code     0  libinit2.o(.ARM.Collect$$libinit$$00000025)
    __rt_lib_init_user_alloc_1               0x08000219   Thumb Code     0  libinit2.o(.ARM.Collect$$libinit$$0000000C)
    __rt_lib_shutdown                        0x0800021b   Thumb Code     0  libshutdown.o(.ARM.Collect$$libshutdown$$00000000)
    __rt_lib_shutdown_cpp_1                  0x0800021d   Thumb Code     0  libshutdown2.o(.ARM.Collect$$libshutdown$$00000002)
    __rt_lib_shutdown_fp_trap_1              0x0800021d   Thumb Code     0  libshutdown2.o(.ARM.Collect$$libshutdown$$00000007)
    __rt_lib_shutdown_heap_1                 0x0800021d   Thumb Code     0  libshutdown2.o(.ARM.Collect$$libshutdown$$0000000F)
    __rt_lib_shutdown_return                 0x0800021d   Thumb Code     0  libshutdown2.o(.ARM.Collect$$libshutdown$$00000010)
    __rt_lib_shutdown_signal_1               0x0800021d   Thumb Code     0  libshutdown2.o(.ARM.Collect$$libshutdown$$0000000A)
    __rt_lib_shutdown_stdio_1                0x0800021d   Thumb Code     0  libshutdown2.o(.ARM.Collect$$libshutdown$$00000004)
    __rt_lib_shutdown_user_alloc_1           0x0800021d   Thumb Code     0  libshutdown2.o(.ARM.Collect$$libshutdown$$0000000C)
    __rt_entry                               0x0800021f   Thumb Code     0  __rtentry.o(.ARM.Collect$$rtentry$$00000000)
    __rt_entry_presh_1                       0x0800021f   Thumb Code     0  __rtentry2.o(.ARM.Collect$$rtentry$$00000002)
    __rt_entry_sh                            0x0800021f   Thumb Code     0  __rtentry4.o(.ARM.Collect$$rtentry$$00000004)
    __rt_entry_li                            0x08000225   Thumb Code     0  __rtentry2.o(.ARM.Collect$$rtentry$$0000000A)
    __rt_entry_postsh_1                      0x08000225   Thumb Code     0  __rtentry2.o(.ARM.Collect$$rtentry$$00000009)
    __rt_entry_main                          0x08000229   Thumb Code     0  __rtentry2.o(.ARM.Collect$$rtentry$$0000000D)
    __rt_entry_postli_1                      0x08000229   Thumb Code     0  __rtentry2.o(.ARM.Collect$$rtentry$$0000000C)
    __rt_exit                                0x08000231   Thumb Code     0  rtexit.o(.ARM.Collect$$rtexit$$00000000)
    __rt_exit_ls                             0x08000233   Thumb Code     0  rtexit2.o(.ARM.Collect$$rtexit$$00000003)
    __rt_exit_prels_1                        0x08000233   Thumb Code     0  rtexit2.o(.ARM.Collect$$rtexit$$00000002)
    __rt_exit_exit                           0x08000237   Thumb Code     0  rtexit2.o(.ARM.Collect$$rtexit$$00000004)
    main                                     0x0800023d   Thumb Code  3084  main.o(.text)
    NMI_Handler                              0x08000e61   Thumb Code     2  stm32f4xx_it.o(.text)
    HardFault_Handler                        0x08000e63   Thumb Code     4  stm32f4xx_it.o(.text)
    MemManage_Handler                        0x08000e67   Thumb Code     4  stm32f4xx_it.o(.text)
    BusFault_Handler                         0x08000e6b   Thumb Code     4  stm32f4xx_it.o(.text)
    UsageFault_Handler                       0x08000e6f   Thumb Code     4  stm32f4xx_it.o(.text)
    SVC_Handler                              0x08000e73   Thumb Code     2  stm32f4xx_it.o(.text)
    DebugMon_Handler                         0x08000e75   Thumb Code     2  stm32f4xx_it.o(.text)
    PendSV_Handler                           0x08000e77   Thumb Code     2  stm32f4xx_it.o(.text)
    SysTick_Handler                          0x08000e79   Thumb Code     2  stm32f4xx_it.o(.text)
    SystemInit                               0x08000f59   Thumb Code    88  system_stm32f4xx.o(.text)
    SystemCoreClockUpdate                    0x08000fb1   Thumb Code   174  system_stm32f4xx.o(.text)
    Reset_Handler                            0x0800108d   Thumb Code     8  startup_stm32f40_41xxx.o(.text)
    ADC_IRQHandler                           0x080010a7   Thumb Code     0  startup_stm32f40_41xxx.o(.text)
    CAN1_RX0_IRQHandler                      0x080010a7   Thumb Code     0  startup_stm32f40_41xxx.o(.text)
    CAN1_RX1_IRQHandler                      0x080010a7   Thumb Code     0  startup_stm32f40_41xxx.o(.text)
    CAN1_SCE_IRQHandler                      0x080010a7   Thumb Code     0  startup_stm32f40_41xxx.o(.text)
    CAN1_TX_IRQHandler                       0x080010a7   Thumb Code     0  startup_stm32f40_41xxx.o(.text)
    CAN2_RX0_IRQHandler                      0x080010a7   Thumb Code     0  startup_stm32f40_41xxx.o(.text)
    CAN2_RX1_IRQHandler                      0x080010a7   Thumb Code     0  startup_stm32f40_41xxx.o(.text)
    CAN2_SCE_IRQHandler                      0x080010a7   Thumb Code     0  startup_stm32f40_41xxx.o(.text)
    CAN2_TX_IRQHandler                       0x080010a7   Thumb Code     0  startup_stm32f40_41xxx.o(.text)
    CRYP_IRQHandler                          0x080010a7   Thumb Code     0  startup_stm32f40_41xxx.o(.text)
    DCMI_IRQHandler                          0x080010a7   Thumb Code     0  startup_stm32f40_41xxx.o(.text)
    DMA1_Stream0_IRQHandler                  0x080010a7   Thumb Code     0  startup_stm32f40_41xxx.o(.text)
    DMA1_Stream1_IRQHandler                  0x080010a7   Thumb Code     0  startup_stm32f40_41xxx.o(.text)
    DMA1_Stream2_IRQHandler                  0x080010a7   Thumb Code     0  startup_stm32f40_41xxx.o(.text)
    DMA1_Stream3_IRQHandler                  0x080010a7   Thumb Code     0  startup_stm32f40_41xxx.o(.text)
    DMA1_Stream4_IRQHandler                  0x080010a7   Thumb Code     0  startup_stm32f40_41xxx.o(.text)
    DMA1_Stream5_IRQHandler                  0x080010a7   Thumb Code     0  startup_stm32f40_41xxx.o(.text)
    DMA1_Stream6_IRQHandler                  0x080010a7   Thumb Code     0  startup_stm32f40_41xxx.o(.text)
    DMA1_Stream7_IRQHandler                  0x080010a7   Thumb Code     0  startup_stm32f40_41xxx.o(.text)
    DMA2_Stream0_IRQHandler                  0x080010a7   Thumb Code     0  startup_stm32f40_41xxx.o(.text)
    DMA2_Stream1_IRQHandler                  0x080010a7   Thumb Code     0  startup_stm32f40_41xxx.o(.text)
    DMA2_Stream2_IRQHandler                  0x080010a7   Thumb Code     0  startup_stm32f40_41xxx.o(.text)
    DMA2_Stream3_IRQHandler                  0x080010a7   Thumb Code     0  startup_stm32f40_41xxx.o(.text)
    DMA2_Stream4_IRQHandler                  0x080010a7   Thumb Code     0  startup_stm32f40_41xxx.o(.text)
    DMA2_Stream5_IRQHandler                  0x080010a7   Thumb Code     0  startup_stm32f40_41xxx.o(.text)
    DMA2_Stream6_IRQHandler                  0x080010a7   Thumb Code     0  startup_stm32f40_41xxx.o(.text)
    DMA2_Stream7_IRQHandler                  0x080010a7   Thumb Code     0  startup_stm32f40_41xxx.o(.text)
    ETH_IRQHandler                           0x080010a7   Thumb Code     0  startup_stm32f40_41xxx.o(.text)
    ETH_WKUP_IRQHandler                      0x080010a7   Thumb Code     0  startup_stm32f40_41xxx.o(.text)
    EXTI0_IRQHandler                         0x080010a7   Thumb Code     0  startup_stm32f40_41xxx.o(.text)
    EXTI15_10_IRQHandler                     0x080010a7   Thumb Code     0  startup_stm32f40_41xxx.o(.text)
    EXTI1_IRQHandler                         0x080010a7   Thumb Code     0  startup_stm32f40_41xxx.o(.text)
    EXTI2_IRQHandler                         0x080010a7   Thumb Code     0  startup_stm32f40_41xxx.o(.text)
    EXTI3_IRQHandler                         0x080010a7   Thumb Code     0  startup_stm32f40_41xxx.o(.text)
    EXTI4_IRQHandler                         0x080010a7   Thumb Code     0  startup_stm32f40_41xxx.o(.text)
    EXTI9_5_IRQHandler                       0x080010a7   Thumb Code     0  startup_stm32f40_41xxx.o(.text)
    FLASH_IRQHandler                         0x080010a7   Thumb Code     0  startup_stm32f40_41xxx.o(.text)
    FPU_IRQHandler                           0x080010a7   Thumb Code     0  startup_stm32f40_41xxx.o(.text)
    FSMC_IRQHandler                          0x080010a7   Thumb Code     0  startup_stm32f40_41xxx.o(.text)
    HASH_RNG_IRQHandler                      0x080010a7   Thumb Code     0  startup_stm32f40_41xxx.o(.text)
    I2C1_ER_IRQHandler                       0x080010a7   Thumb Code     0  startup_stm32f40_41xxx.o(.text)
    I2C1_EV_IRQHandler                       0x080010a7   Thumb Code     0  startup_stm32f40_41xxx.o(.text)
    I2C2_ER_IRQHandler                       0x080010a7   Thumb Code     0  startup_stm32f40_41xxx.o(.text)
    I2C2_EV_IRQHandler                       0x080010a7   Thumb Code     0  startup_stm32f40_41xxx.o(.text)
    I2C3_ER_IRQHandler                       0x080010a7   Thumb Code     0  startup_stm32f40_41xxx.o(.text)
    I2C3_EV_IRQHandler                       0x080010a7   Thumb Code     0  startup_stm32f40_41xxx.o(.text)
    OTG_FS_IRQHandler                        0x080010a7   Thumb Code     0  startup_stm32f40_41xxx.o(.text)
    OTG_FS_WKUP_IRQHandler                   0x080010a7   Thumb Code     0  startup_stm32f40_41xxx.o(.text)
    OTG_HS_EP1_IN_IRQHandler                 0x080010a7   Thumb Code     0  startup_stm32f40_41xxx.o(.text)
    OTG_HS_EP1_OUT_IRQHandler                0x080010a7   Thumb Code     0  startup_stm32f40_41xxx.o(.text)
    OTG_HS_IRQHandler                        0x080010a7   Thumb Code     0  startup_stm32f40_41xxx.o(.text)
    OTG_HS_WKUP_IRQHandler                   0x080010a7   Thumb Code     0  startup_stm32f40_41xxx.o(.text)
    PVD_IRQHandler                           0x080010a7   Thumb Code     0  startup_stm32f40_41xxx.o(.text)
    RCC_IRQHandler                           0x080010a7   Thumb Code     0  startup_stm32f40_41xxx.o(.text)
    RTC_Alarm_IRQHandler                     0x080010a7   Thumb Code     0  startup_stm32f40_41xxx.o(.text)
    RTC_WKUP_IRQHandler                      0x080010a7   Thumb Code     0  startup_stm32f40_41xxx.o(.text)
    SDIO_IRQHandler                          0x080010a7   Thumb Code     0  startup_stm32f40_41xxx.o(.text)
    SPI1_IRQHandler                          0x080010a7   Thumb Code     0  startup_stm32f40_41xxx.o(.text)
    SPI2_IRQHandler                          0x080010a7   Thumb Code     0  startup_stm32f40_41xxx.o(.text)
    SPI3_IRQHandler                          0x080010a7   Thumb Code     0  startup_stm32f40_41xxx.o(.text)
    TAMP_STAMP_IRQHandler                    0x080010a7   Thumb Code     0  startup_stm32f40_41xxx.o(.text)
    TIM1_BRK_TIM9_IRQHandler                 0x080010a7   Thumb Code     0  startup_stm32f40_41xxx.o(.text)
    TIM1_CC_IRQHandler                       0x080010a7   Thumb Code     0  startup_stm32f40_41xxx.o(.text)
    TIM1_TRG_COM_TIM11_IRQHandler            0x080010a7   Thumb Code     0  startup_stm32f40_41xxx.o(.text)
    TIM1_UP_TIM10_IRQHandler                 0x080010a7   Thumb Code     0  startup_stm32f40_41xxx.o(.text)
    TIM2_IRQHandler                          0x080010a7   Thumb Code     0  startup_stm32f40_41xxx.o(.text)
    TIM3_IRQHandler                          0x080010a7   Thumb Code     0  startup_stm32f40_41xxx.o(.text)
    TIM4_IRQHandler                          0x080010a7   Thumb Code     0  startup_stm32f40_41xxx.o(.text)
    TIM5_IRQHandler                          0x080010a7   Thumb Code     0  startup_stm32f40_41xxx.o(.text)
    TIM6_DAC_IRQHandler                      0x080010a7   Thumb Code     0  startup_stm32f40_41xxx.o(.text)
    TIM7_IRQHandler                          0x080010a7   Thumb Code     0  startup_stm32f40_41xxx.o(.text)
    TIM8_BRK_TIM12_IRQHandler                0x080010a7   Thumb Code     0  startup_stm32f40_41xxx.o(.text)
    TIM8_CC_IRQHandler                       0x080010a7   Thumb Code     0  startup_stm32f40_41xxx.o(.text)
    TIM8_TRG_COM_TIM14_IRQHandler            0x080010a7   Thumb Code     0  startup_stm32f40_41xxx.o(.text)
    TIM8_UP_TIM13_IRQHandler                 0x080010a7   Thumb Code     0  startup_stm32f40_41xxx.o(.text)
    UART4_IRQHandler                         0x080010a7   Thumb Code     0  startup_stm32f40_41xxx.o(.text)
    UART5_IRQHandler                         0x080010a7   Thumb Code     0  startup_stm32f40_41xxx.o(.text)
    USART2_IRQHandler                        0x080010a7   Thumb Code     0  startup_stm32f40_41xxx.o(.text)
    USART3_IRQHandler                        0x080010a7   Thumb Code     0  startup_stm32f40_41xxx.o(.text)
    USART6_IRQHandler                        0x080010a7   Thumb Code     0  startup_stm32f40_41xxx.o(.text)
    WWDG_IRQHandler                          0x080010a7   Thumb Code     0  startup_stm32f40_41xxx.o(.text)
    __user_initial_stackheap                 0x080010a9   Thumb Code     0  startup_stm32f40_41xxx.o(.text)
    NVIC_PriorityGroupConfig                 0x080010cd   Thumb Code    10  misc.o(.text)
    NVIC_Init                                0x080010d7   Thumb Code   106  misc.o(.text)
    NVIC_SetVectorTable                      0x08001141   Thumb Code    14  misc.o(.text)
    NVIC_SystemLPConfig                      0x0800114f   Thumb Code    34  misc.o(.text)
    SysTick_CLKSourceConfig                  0x08001171   Thumb Code    40  misc.o(.text)
    DAC_DeInit                               0x080011ad   Thumb Code    22  stm32f4xx_dac.o(.text)
    DAC_Init                                 0x080011c3   Thumb Code    46  stm32f4xx_dac.o(.text)
    DAC_StructInit                           0x080011f1   Thumb Code    12  stm32f4xx_dac.o(.text)
    DAC_Cmd                                  0x080011fd   Thumb Code    34  stm32f4xx_dac.o(.text)
    DAC_SoftwareTriggerCmd                   0x0800121f   Thumb Code    48  stm32f4xx_dac.o(.text)
    DAC_DualSoftwareTriggerCmd               0x0800124f   Thumb Code    38  stm32f4xx_dac.o(.text)
    DAC_WaveGenerationCmd                    0x08001275   Thumb Code    36  stm32f4xx_dac.o(.text)
    DAC_SetChannel1Data                      0x08001299   Thumb Code    26  stm32f4xx_dac.o(.text)
    DAC_SetChannel2Data                      0x080012b3   Thumb Code    26  stm32f4xx_dac.o(.text)
    DAC_SetDualChannelData                   0x080012cd   Thumb Code    32  stm32f4xx_dac.o(.text)
    DAC_GetDataOutputValue                   0x080012ed   Thumb Code    32  stm32f4xx_dac.o(.text)
    DAC_DMACmd                               0x0800130d   Thumb Code    38  stm32f4xx_dac.o(.text)
    DAC_ITConfig                             0x08001333   Thumb Code    36  stm32f4xx_dac.o(.text)
    DAC_GetFlagStatus                        0x08001357   Thumb Code    28  stm32f4xx_dac.o(.text)
    DAC_ClearFlag                            0x08001373   Thumb Code    12  stm32f4xx_dac.o(.text)
    DAC_GetITStatus                          0x0800137f   Thumb Code    44  stm32f4xx_dac.o(.text)
    DAC_ClearITPendingBit                    0x080013ab   Thumb Code    12  stm32f4xx_dac.o(.text)
    DMA_DeInit                               0x080013bd   Thumb Code   324  stm32f4xx_dma.o(.text)
    DMA_Init                                 0x08001501   Thumb Code    82  stm32f4xx_dma.o(.text)
    DMA_StructInit                           0x08001553   Thumb Code    34  stm32f4xx_dma.o(.text)
    DMA_Cmd                                  0x08001575   Thumb Code    22  stm32f4xx_dma.o(.text)
    DMA_PeriphIncOffsetSizeConfig            0x0800158b   Thumb Code    22  stm32f4xx_dma.o(.text)
    DMA_FlowControllerConfig                 0x080015a1   Thumb Code    22  stm32f4xx_dma.o(.text)
    DMA_SetCurrDataCounter                   0x080015b7   Thumb Code     4  stm32f4xx_dma.o(.text)
    DMA_GetCurrDataCounter                   0x080015bb   Thumb Code     8  stm32f4xx_dma.o(.text)
    DMA_DoubleBufferModeConfig               0x080015c3   Thumb Code    24  stm32f4xx_dma.o(.text)
    DMA_DoubleBufferModeCmd                  0x080015db   Thumb Code    22  stm32f4xx_dma.o(.text)
    DMA_MemoryTargetConfig                   0x080015f1   Thumb Code    10  stm32f4xx_dma.o(.text)
    DMA_GetCurrentMemoryTarget               0x080015fb   Thumb Code    20  stm32f4xx_dma.o(.text)
    DMA_GetCmdStatus                         0x0800160f   Thumb Code    20  stm32f4xx_dma.o(.text)
    DMA_GetFIFOStatus                        0x08001623   Thumb Code    12  stm32f4xx_dma.o(.text)
    DMA_GetFlagStatus                        0x0800162f   Thumb Code    56  stm32f4xx_dma.o(.text)
    DMA_ClearFlag                            0x08001667   Thumb Code    40  stm32f4xx_dma.o(.text)
    DMA_ITConfig                             0x0800168f   Thumb Code    58  stm32f4xx_dma.o(.text)
    DMA_GetITStatus                          0x080016c9   Thumb Code    84  stm32f4xx_dma.o(.text)
    DMA_ClearITPendingBit                    0x0800171d   Thumb Code    40  stm32f4xx_dma.o(.text)
    GPIO_DeInit                              0x08001765   Thumb Code   268  stm32f4xx_gpio.o(.text)
    GPIO_Init                                0x08001871   Thumb Code   144  stm32f4xx_gpio.o(.text)
    GPIO_StructInit                          0x08001901   Thumb Code    18  stm32f4xx_gpio.o(.text)
    GPIO_PinLockConfig                       0x08001913   Thumb Code    34  stm32f4xx_gpio.o(.text)
    GPIO_ReadInputDataBit                    0x08001935   Thumb Code    18  stm32f4xx_gpio.o(.text)
    GPIO_ReadInputData                       0x08001947   Thumb Code     8  stm32f4xx_gpio.o(.text)
    GPIO_ReadOutputDataBit                   0x0800194f   Thumb Code    18  stm32f4xx_gpio.o(.text)
    GPIO_ReadOutputData                      0x08001961   Thumb Code     8  stm32f4xx_gpio.o(.text)
    GPIO_SetBits                             0x08001969   Thumb Code     4  stm32f4xx_gpio.o(.text)
    GPIO_ResetBits                           0x0800196d   Thumb Code     4  stm32f4xx_gpio.o(.text)
    GPIO_WriteBit                            0x08001971   Thumb Code    10  stm32f4xx_gpio.o(.text)
    GPIO_Write                               0x0800197b   Thumb Code     4  stm32f4xx_gpio.o(.text)
    GPIO_ToggleBits                          0x0800197f   Thumb Code     8  stm32f4xx_gpio.o(.text)
    GPIO_PinAFConfig                         0x08001987   Thumb Code    70  stm32f4xx_gpio.o(.text)
    RCC_DeInit                               0x080019f9   Thumb Code    82  stm32f4xx_rcc.o(.text)
    RCC_HSEConfig                            0x08001a4b   Thumb Code    14  stm32f4xx_rcc.o(.text)
    RCC_GetFlagStatus                        0x08001a59   Thumb Code    60  stm32f4xx_rcc.o(.text)
    RCC_WaitForHSEStartUp                    0x08001a95   Thumb Code    56  stm32f4xx_rcc.o(.text)
    RCC_AdjustHSICalibrationValue            0x08001acd   Thumb Code    20  stm32f4xx_rcc.o(.text)
    RCC_HSICmd                               0x08001ae1   Thumb Code     6  stm32f4xx_rcc.o(.text)
    RCC_LSEConfig                            0x08001ae7   Thumb Code    46  stm32f4xx_rcc.o(.text)
    RCC_LSICmd                               0x08001b15   Thumb Code     6  stm32f4xx_rcc.o(.text)
    RCC_PLLConfig                            0x08001b1b   Thumb Code    32  stm32f4xx_rcc.o(.text)
    RCC_PLLCmd                               0x08001b3b   Thumb Code     6  stm32f4xx_rcc.o(.text)
    RCC_PLLI2SConfig                         0x08001b41   Thumb Code    14  stm32f4xx_rcc.o(.text)
    RCC_PLLI2SCmd                            0x08001b4f   Thumb Code     6  stm32f4xx_rcc.o(.text)
    RCC_PLLSAIConfig                         0x08001b55   Thumb Code    20  stm32f4xx_rcc.o(.text)
    RCC_PLLSAICmd                            0x08001b69   Thumb Code     6  stm32f4xx_rcc.o(.text)
    RCC_ClockSecuritySystemCmd               0x08001b6f   Thumb Code     6  stm32f4xx_rcc.o(.text)
    RCC_MCO1Config                           0x08001b75   Thumb Code    28  stm32f4xx_rcc.o(.text)
    RCC_MCO2Config                           0x08001b91   Thumb Code    28  stm32f4xx_rcc.o(.text)
    RCC_SYSCLKConfig                         0x08001bad   Thumb Code    20  stm32f4xx_rcc.o(.text)
    RCC_GetSYSCLKSource                      0x08001bc1   Thumb Code    12  stm32f4xx_rcc.o(.text)
    RCC_HCLKConfig                           0x08001bcd   Thumb Code    20  stm32f4xx_rcc.o(.text)
    RCC_PCLK1Config                          0x08001be1   Thumb Code    20  stm32f4xx_rcc.o(.text)
    RCC_PCLK2Config                          0x08001bf5   Thumb Code    22  stm32f4xx_rcc.o(.text)
    RCC_GetClocksFreq                        0x08001c0b   Thumb Code   222  stm32f4xx_rcc.o(.text)
    RCC_RTCCLKConfig                         0x08001ce9   Thumb Code    54  stm32f4xx_rcc.o(.text)
    RCC_RTCCLKCmd                            0x08001d1f   Thumb Code     8  stm32f4xx_rcc.o(.text)
    RCC_BackupResetCmd                       0x08001d27   Thumb Code     8  stm32f4xx_rcc.o(.text)
    RCC_I2SCLKConfig                         0x08001d2f   Thumb Code     6  stm32f4xx_rcc.o(.text)
    RCC_SAIPLLI2SClkDivConfig                0x08001d35   Thumb Code    26  stm32f4xx_rcc.o(.text)
    RCC_SAIPLLSAIClkDivConfig                0x08001d4f   Thumb Code    28  stm32f4xx_rcc.o(.text)
    RCC_SAIBlockACLKConfig                   0x08001d6b   Thumb Code    20  stm32f4xx_rcc.o(.text)
    RCC_SAIBlockBCLKConfig                   0x08001d7f   Thumb Code    20  stm32f4xx_rcc.o(.text)
    RCC_LTDCCLKDivConfig                     0x08001d93   Thumb Code    20  stm32f4xx_rcc.o(.text)
    RCC_TIMCLKPresConfig                     0x08001da7   Thumb Code     6  stm32f4xx_rcc.o(.text)
    RCC_AHB1PeriphClockCmd                   0x08001dad   Thumb Code    34  stm32f4xx_rcc.o(.text)
    RCC_AHB2PeriphClockCmd                   0x08001dcf   Thumb Code    78  stm32f4xx_rcc.o(.text)
    RCC_AHB3PeriphClockCmd                   0x08001e1d   Thumb Code    34  stm32f4xx_rcc.o(.text)
    RCC_APB1PeriphClockCmd                   0x08001e3f   Thumb Code    34  stm32f4xx_rcc.o(.text)
    RCC_APB2PeriphClockCmd                   0x08001e61   Thumb Code    34  stm32f4xx_rcc.o(.text)
    RCC_AHB1PeriphResetCmd                   0x08001e83   Thumb Code    34  stm32f4xx_rcc.o(.text)
    RCC_AHB2PeriphResetCmd                   0x08001ea5   Thumb Code    34  stm32f4xx_rcc.o(.text)
    RCC_AHB3PeriphResetCmd                   0x08001ec7   Thumb Code    34  stm32f4xx_rcc.o(.text)
    RCC_APB1PeriphResetCmd                   0x08001ee9   Thumb Code    34  stm32f4xx_rcc.o(.text)
    RCC_APB2PeriphResetCmd                   0x08001f0b   Thumb Code    34  stm32f4xx_rcc.o(.text)
    RCC_AHB1PeriphClockLPModeCmd             0x08001f2d   Thumb Code    34  stm32f4xx_rcc.o(.text)
    RCC_AHB2PeriphClockLPModeCmd             0x08001f4f   Thumb Code    34  stm32f4xx_rcc.o(.text)
    RCC_AHB3PeriphClockLPModeCmd             0x08001f71   Thumb Code    34  stm32f4xx_rcc.o(.text)
    RCC_APB1PeriphClockLPModeCmd             0x08001f93   Thumb Code    34  stm32f4xx_rcc.o(.text)
    RCC_APB2PeriphClockLPModeCmd             0x08001fb5   Thumb Code    34  stm32f4xx_rcc.o(.text)
    RCC_LSEModeConfig                        0x08001fd7   Thumb Code    40  stm32f4xx_rcc.o(.text)
    RCC_ITConfig                             0x08001fff   Thumb Code    34  stm32f4xx_rcc.o(.text)
    RCC_ClearFlag                            0x08002021   Thumb Code    18  stm32f4xx_rcc.o(.text)
    RCC_GetITStatus                          0x08002033   Thumb Code    22  stm32f4xx_rcc.o(.text)
    RCC_ClearITPendingBit                    0x08002049   Thumb Code     8  stm32f4xx_rcc.o(.text)
    TIM_DeInit                               0x08002055   Thumb Code   346  stm32f4xx_tim.o(.text)
    TIM_TimeBaseInit                         0x080021af   Thumb Code   104  stm32f4xx_tim.o(.text)
    TIM_TimeBaseStructInit                   0x08002217   Thumb Code    18  stm32f4xx_tim.o(.text)
    TIM_PrescalerConfig                      0x08002229   Thumb Code     6  stm32f4xx_tim.o(.text)
    TIM_CounterModeConfig                    0x0800222f   Thumb Code    18  stm32f4xx_tim.o(.text)
    TIM_SetCounter                           0x08002241   Thumb Code     4  stm32f4xx_tim.o(.text)
    TIM_SetAutoreload                        0x08002245   Thumb Code     4  stm32f4xx_tim.o(.text)
    TIM_GetCounter                           0x08002249   Thumb Code     6  stm32f4xx_tim.o(.text)
    TIM_GetPrescaler                         0x0800224f   Thumb Code     6  stm32f4xx_tim.o(.text)
    TIM_UpdateDisableConfig                  0x08002255   Thumb Code    24  stm32f4xx_tim.o(.text)
    TIM_UpdateRequestConfig                  0x0800226d   Thumb Code    24  stm32f4xx_tim.o(.text)
    TIM_ARRPreloadConfig                     0x08002285   Thumb Code    24  stm32f4xx_tim.o(.text)
    TIM_SelectOnePulseMode                   0x0800229d   Thumb Code    18  stm32f4xx_tim.o(.text)
    TIM_SetClockDivision                     0x080022af   Thumb Code    18  stm32f4xx_tim.o(.text)
    TIM_Cmd                                  0x080022c1   Thumb Code    24  stm32f4xx_tim.o(.text)
    TIM_OC1Init                              0x080022d9   Thumb Code   114  stm32f4xx_tim.o(.text)
    TIM_OC2Init                              0x0800234b   Thumb Code   154  stm32f4xx_tim.o(.text)
    TIM_OC3Init                              0x080023e5   Thumb Code   204  stm32f4xx_tim.o(.text)
    TIM_OC4Init                              0x080024b1   Thumb Code   112  stm32f4xx_tim.o(.text)
    TIM_OCStructInit                         0x08002521   Thumb Code    20  stm32f4xx_tim.o(.text)
    TIM_SelectOCxM                           0x08002535   Thumb Code    86  stm32f4xx_tim.o(.text)
    TIM_SetCompare1                          0x0800258b   Thumb Code     4  stm32f4xx_tim.o(.text)
    TIM_SetCompare2                          0x0800258f   Thumb Code     4  stm32f4xx_tim.o(.text)
    TIM_SetCompare3                          0x08002593   Thumb Code     4  stm32f4xx_tim.o(.text)
    TIM_SetCompare4                          0x08002597   Thumb Code     4  stm32f4xx_tim.o(.text)
    TIM_ForcedOC1Config                      0x0800259b   Thumb Code    18  stm32f4xx_tim.o(.text)
    TIM_ForcedOC2Config                      0x080025ad   Thumb Code    26  stm32f4xx_tim.o(.text)
    TIM_ForcedOC3Config                      0x080025c7   Thumb Code    18  stm32f4xx_tim.o(.text)
    TIM_ForcedOC4Config                      0x080025d9   Thumb Code    26  stm32f4xx_tim.o(.text)
    TIM_OC1PreloadConfig                     0x080025f3   Thumb Code    18  stm32f4xx_tim.o(.text)
    TIM_OC2PreloadConfig                     0x08002605   Thumb Code    26  stm32f4xx_tim.o(.text)
    TIM_OC3PreloadConfig                     0x0800261f   Thumb Code    18  stm32f4xx_tim.o(.text)
    TIM_OC4PreloadConfig                     0x08002631   Thumb Code    26  stm32f4xx_tim.o(.text)
    TIM_OC1FastConfig                        0x0800264b   Thumb Code    18  stm32f4xx_tim.o(.text)
    TIM_OC2FastConfig                        0x0800265d   Thumb Code    26  stm32f4xx_tim.o(.text)
    TIM_OC3FastConfig                        0x08002677   Thumb Code    18  stm32f4xx_tim.o(.text)
    TIM_OC4FastConfig                        0x08002689   Thumb Code    26  stm32f4xx_tim.o(.text)
    TIM_ClearOC1Ref                          0x080026a3   Thumb Code    18  stm32f4xx_tim.o(.text)
    TIM_ClearOC2Ref                          0x080026b5   Thumb Code    24  stm32f4xx_tim.o(.text)
    TIM_ClearOC3Ref                          0x080026cd   Thumb Code    18  stm32f4xx_tim.o(.text)
    TIM_ClearOC4Ref                          0x080026df   Thumb Code    24  stm32f4xx_tim.o(.text)
    TIM_OC1PolarityConfig                    0x080026f7   Thumb Code    18  stm32f4xx_tim.o(.text)
    TIM_OC1NPolarityConfig                   0x08002709   Thumb Code    18  stm32f4xx_tim.o(.text)
    TIM_OC2PolarityConfig                    0x0800271b   Thumb Code    26  stm32f4xx_tim.o(.text)
    TIM_OC2NPolarityConfig                   0x08002735   Thumb Code    26  stm32f4xx_tim.o(.text)
    TIM_OC3PolarityConfig                    0x0800274f   Thumb Code    26  stm32f4xx_tim.o(.text)
    TIM_OC3NPolarityConfig                   0x08002769   Thumb Code    26  stm32f4xx_tim.o(.text)
    TIM_OC4PolarityConfig                    0x08002783   Thumb Code    26  stm32f4xx_tim.o(.text)
    TIM_CCxCmd                               0x0800279d   Thumb Code    30  stm32f4xx_tim.o(.text)
    TIM_CCxNCmd                              0x080027bb   Thumb Code    30  stm32f4xx_tim.o(.text)
    TIM_SetIC4Prescaler                      0x080027d9   Thumb Code    26  stm32f4xx_tim.o(.text)
    TIM_SetIC3Prescaler                      0x08002843   Thumb Code    18  stm32f4xx_tim.o(.text)
    TIM_SetIC2Prescaler                      0x0800289d   Thumb Code    26  stm32f4xx_tim.o(.text)
    TIM_SetIC1Prescaler                      0x08002911   Thumb Code    18  stm32f4xx_tim.o(.text)
    TIM_ICInit                               0x0800295d   Thumb Code   110  stm32f4xx_tim.o(.text)
    TIM_ICStructInit                         0x080029cb   Thumb Code    18  stm32f4xx_tim.o(.text)
    TIM_PWMIConfig                           0x080029dd   Thumb Code   124  stm32f4xx_tim.o(.text)
    TIM_GetCapture1                          0x08002a59   Thumb Code     6  stm32f4xx_tim.o(.text)
    TIM_GetCapture2                          0x08002a5f   Thumb Code     6  stm32f4xx_tim.o(.text)
    TIM_GetCapture3                          0x08002a65   Thumb Code     6  stm32f4xx_tim.o(.text)
    TIM_GetCapture4                          0x08002a6b   Thumb Code     6  stm32f4xx_tim.o(.text)
    TIM_BDTRConfig                           0x08002a71   Thumb Code    32  stm32f4xx_tim.o(.text)
    TIM_BDTRStructInit                       0x08002a91   Thumb Code    18  stm32f4xx_tim.o(.text)
    TIM_CtrlPWMOutputs                       0x08002aa3   Thumb Code    30  stm32f4xx_tim.o(.text)
    TIM_SelectCOM                            0x08002ac1   Thumb Code    24  stm32f4xx_tim.o(.text)
    TIM_CCPreloadControl                     0x08002ad9   Thumb Code    24  stm32f4xx_tim.o(.text)
    TIM_ITConfig                             0x08002af1   Thumb Code    18  stm32f4xx_tim.o(.text)
    TIM_GenerateEvent                        0x08002b03   Thumb Code     4  stm32f4xx_tim.o(.text)
    TIM_GetFlagStatus                        0x08002b07   Thumb Code    18  stm32f4xx_tim.o(.text)
    TIM_ClearFlag                            0x08002b19   Thumb Code     6  stm32f4xx_tim.o(.text)
    TIM_GetITStatus                          0x08002b1f   Thumb Code    34  stm32f4xx_tim.o(.text)
    TIM_ClearITPendingBit                    0x08002b41   Thumb Code     6  stm32f4xx_tim.o(.text)
    TIM_DMAConfig                            0x08002b47   Thumb Code    10  stm32f4xx_tim.o(.text)
    TIM_DMACmd                               0x08002b51   Thumb Code    18  stm32f4xx_tim.o(.text)
    TIM_SelectCCDMA                          0x08002b63   Thumb Code    24  stm32f4xx_tim.o(.text)
    TIM_InternalClockConfig                  0x08002b7b   Thumb Code    12  stm32f4xx_tim.o(.text)
    TIM_SelectInputTrigger                   0x08002b87   Thumb Code    18  stm32f4xx_tim.o(.text)
    TIM_ITRxExternalClockConfig              0x08002b99   Thumb Code    24  stm32f4xx_tim.o(.text)
    TIM_TIxExternalClockConfig               0x08002bb1   Thumb Code    62  stm32f4xx_tim.o(.text)
    TIM_ETRConfig                            0x08002bef   Thumb Code    28  stm32f4xx_tim.o(.text)
    TIM_ETRClockMode1Config                  0x08002c0b   Thumb Code    54  stm32f4xx_tim.o(.text)
    TIM_ETRClockMode2Config                  0x08002c41   Thumb Code    32  stm32f4xx_tim.o(.text)
    TIM_SelectOutputTrigger                  0x08002c61   Thumb Code    18  stm32f4xx_tim.o(.text)
    TIM_SelectSlaveMode                      0x08002c73   Thumb Code    18  stm32f4xx_tim.o(.text)
    TIM_SelectMasterSlaveMode                0x08002c85   Thumb Code    18  stm32f4xx_tim.o(.text)
    TIM_EncoderInterfaceConfig               0x08002c97   Thumb Code    66  stm32f4xx_tim.o(.text)
    TIM_SelectHallSensor                     0x08002cd9   Thumb Code    24  stm32f4xx_tim.o(.text)
    TIM_RemapConfig                          0x08002cf1   Thumb Code     6  stm32f4xx_tim.o(.text)
    USART_DeInit                             0x08002cf9   Thumb Code   206  stm32f4xx_usart.o(.text)
    USART_Init                               0x08002dc7   Thumb Code   204  stm32f4xx_usart.o(.text)
    USART_StructInit                         0x08002e93   Thumb Code    24  stm32f4xx_usart.o(.text)
    USART_ClockInit                          0x08002eab   Thumb Code    32  stm32f4xx_usart.o(.text)
    USART_ClockStructInit                    0x08002ecb   Thumb Code    12  stm32f4xx_usart.o(.text)
    USART_Cmd                                0x08002ed7   Thumb Code    24  stm32f4xx_usart.o(.text)
    USART_SetPrescaler                       0x08002eef   Thumb Code    16  stm32f4xx_usart.o(.text)
    USART_OverSampling8Cmd                   0x08002eff   Thumb Code    22  stm32f4xx_usart.o(.text)
    USART_OneBitMethodCmd                    0x08002f15   Thumb Code    24  stm32f4xx_usart.o(.text)
    USART_SendData                           0x08002f2d   Thumb Code     8  stm32f4xx_usart.o(.text)
    USART_ReceiveData                        0x08002f35   Thumb Code    10  stm32f4xx_usart.o(.text)
    USART_SetAddress                         0x08002f3f   Thumb Code    18  stm32f4xx_usart.o(.text)
    USART_ReceiverWakeUpCmd                  0x08002f51   Thumb Code    24  stm32f4xx_usart.o(.text)
    USART_WakeUpConfig                       0x08002f69   Thumb Code    18  stm32f4xx_usart.o(.text)
    USART_LINBreakDetectLengthConfig         0x08002f7b   Thumb Code    18  stm32f4xx_usart.o(.text)
    USART_LINCmd                             0x08002f8d   Thumb Code    24  stm32f4xx_usart.o(.text)
    USART_SendBreak                          0x08002fa5   Thumb Code    10  stm32f4xx_usart.o(.text)
    USART_HalfDuplexCmd                      0x08002faf   Thumb Code    24  stm32f4xx_usart.o(.text)
    USART_SetGuardTime                       0x08002fc7   Thumb Code    16  stm32f4xx_usart.o(.text)
    USART_SmartCardCmd                       0x08002fd7   Thumb Code    24  stm32f4xx_usart.o(.text)
    USART_SmartCardNACKCmd                   0x08002fef   Thumb Code    24  stm32f4xx_usart.o(.text)
    USART_IrDAConfig                         0x08003007   Thumb Code    18  stm32f4xx_usart.o(.text)
    USART_IrDACmd                            0x08003019   Thumb Code    24  stm32f4xx_usart.o(.text)
    USART_DMACmd                             0x08003031   Thumb Code    18  stm32f4xx_usart.o(.text)
    USART_ITConfig                           0x08003043   Thumb Code    74  stm32f4xx_usart.o(.text)
    USART_GetFlagStatus                      0x0800308d   Thumb Code    26  stm32f4xx_usart.o(.text)
    USART_ClearFlag                          0x080030a7   Thumb Code    18  stm32f4xx_usart.o(.text)
    USART_GetITStatus                        0x080030b9   Thumb Code   118  stm32f4xx_usart.o(.text)
    USART_ClearITPendingBit                  0x0800312f   Thumb Code    30  stm32f4xx_usart.o(.text)
    FSMC_NORSRAMDeInit                       0x0800314d   Thumb Code    54  stm32f4xx_fsmc.o(.text)
    FSMC_NORSRAMInit                         0x08003183   Thumb Code   230  stm32f4xx_fsmc.o(.text)
    FSMC_NORSRAMStructInit                   0x08003269   Thumb Code    48  stm32f4xx_fsmc.o(.text)
    FSMC_NORSRAMCmd                          0x08003299   Thumb Code    46  stm32f4xx_fsmc.o(.text)
    FSMC_NANDDeInit                          0x080032c7   Thumb Code    62  stm32f4xx_fsmc.o(.text)
    FSMC_NANDInit                            0x08003305   Thumb Code   132  stm32f4xx_fsmc.o(.text)
    FSMC_NANDStructInit                      0x08003389   Thumb Code    54  stm32f4xx_fsmc.o(.text)
    FSMC_NANDCmd                             0x080033bf   Thumb Code    86  stm32f4xx_fsmc.o(.text)
    FSMC_NANDECCCmd                          0x08003415   Thumb Code    86  stm32f4xx_fsmc.o(.text)
    FSMC_GetECC                              0x0800346b   Thumb Code    24  stm32f4xx_fsmc.o(.text)
    FSMC_PCCARDDeInit                        0x08003483   Thumb Code    36  stm32f4xx_fsmc.o(.text)
    FSMC_PCCARDInit                          0x080034a7   Thumb Code   130  stm32f4xx_fsmc.o(.text)
    FSMC_PCCARDStructInit                    0x08003529   Thumb Code    60  stm32f4xx_fsmc.o(.text)
    FSMC_PCCARDCmd                           0x08003565   Thumb Code    44  stm32f4xx_fsmc.o(.text)
    FSMC_ITConfig                            0x08003591   Thumb Code   128  stm32f4xx_fsmc.o(.text)
    FSMC_GetFlagStatus                       0x08003611   Thumb Code    54  stm32f4xx_fsmc.o(.text)
    FSMC_ClearFlag                           0x08003647   Thumb Code    74  stm32f4xx_fsmc.o(.text)
    FSMC_GetITStatus                         0x08003691   Thumb Code    62  stm32f4xx_fsmc.o(.text)
    FSMC_ClearITPendingBit                   0x080036cf   Thumb Code    66  stm32f4xx_fsmc.o(.text)
    delay_init                               0x08003715   Thumb Code    52  delay.o(.text)
    delay_us                                 0x08003749   Thumb Code    72  delay.o(.text)
    delay_xms                                0x08003791   Thumb Code    72  delay.o(.text)
    delay_ms                                 0x080037d9   Thumb Code    56  delay.o(.text)
    _sys_exit                                0x08003819   Thumb Code     4  usart.o(.text)
    fputc                                    0x0800381d   Thumb Code    22  usart.o(.text)
    uart_init                                0x08003833   Thumb Code   164  usart.o(.text)
    USART1_IRQHandler                        0x080038d7   Thumb Code   122  usart.o(.text)
    sin_Generation1                          0x08003961   Thumb Code   150  dac.o(.text)
    sin_Generation2                          0x080039f7   Thumb Code   152  dac.o(.text)
    TIM6_Configuration                       0x08003a8f   Thumb Code    46  dac.o(.text)
    GPIO_Configuration                       0x08003abd   Thumb Code    36  dac.o(.text)
    DAC_DMA_Configuration1                   0x08003ae1   Thumb Code   136  dac.o(.text)
    TIM7_Configuration                       0x08003b69   Thumb Code    46  dac.o(.text)
    DAC_DMA_Configuration2                   0x08003b97   Thumb Code   144  dac.o(.text)
    LCD_WR_REG                               0x08003c65   Thumb Code    18  lcd.o(.text)
    LCD_WR_DATA                              0x08003c77   Thumb Code    20  lcd.o(.text)
    LCD_RD_DATA                              0x08003c8b   Thumb Code    16  lcd.o(.text)
    LCD_WriteReg                             0x08003c9b   Thumb Code    14  lcd.o(.text)
    LCD_ReadReg                              0x08003ca9   Thumb Code    22  lcd.o(.text)
    LCD_WriteRAM_Prepare                     0x08003cbf   Thumb Code    10  lcd.o(.text)
    LCD_WriteRAM                             0x08003cc9   Thumb Code     8  lcd.o(.text)
    LCD_BGR2RGB                              0x08003cd1   Thumb Code    26  lcd.o(.text)
    opt_delay                                0x08003ceb   Thumb Code    14  lcd.o(.text)
    LCD_SetCursor                            0x08003cf9   Thumb Code   418  lcd.o(.text)
    LCD_ReadPoint                            0x08003e9b   Thumb Code   360  lcd.o(.text)
    LCD_DisplayOn                            0x08004003   Thumb Code   102  lcd.o(.text)
    LCD_DisplayOff                           0x08004069   Thumb Code    90  lcd.o(.text)
    LCD_Scan_Dir                             0x080040c3   Thumb Code   744  lcd.o(.text)
    LCD_DrawPoint                            0x080043ab   Thumb Code    28  lcd.o(.text)
    LCD_Fast_DrawPoint                       0x080043c7   Thumb Code   388  lcd.o(.text)
    LCD_SSD_BackLightSet                     0x0800454b   Thumb Code    88  lcd.o(.text)
    LCD_Display_Dir                          0x080045a3   Thumb Code   444  lcd.o(.text)
    LCD_Set_Window                           0x0800475f   Thumb Code   546  lcd.o(.text)
    LCD_Clear                                0x08004981   Thumb Code   100  lcd.o(.text)
    LCD_Init                                 0x080049e5   Thumb Code 14696  lcd.o(.text)
    LCD_Fill                                 0x0800834d   Thumb Code   180  lcd.o(.text)
    LCD_Color_Fill                           0x08008401   Thumb Code   100  lcd.o(.text)
    LCD_DrawLine                             0x08008465   Thumb Code   176  lcd.o(.text)
    LCD_DrawRectangle                        0x08008515   Thumb Code    60  lcd.o(.text)
    LCD_Draw_Circle                          0x08008551   Thumb Code   152  lcd.o(.text)
    LCD_ShowChar                             0x080085e9   Thumb Code   272  lcd.o(.text)
    LCD_Pow                                  0x080086f9   Thumb Code    22  lcd.o(.text)
    LCD_ShowNum                              0x0800870f   Thumb Code   148  lcd.o(.text)
    LCD_ShowNumhavehigh                      0x080087a3   Thumb Code    88  lcd.o(.text)
    LCD_ShowxNum                             0x080087fb   Thumb Code   222  lcd.o(.text)
    LCD_ShowString                           0x080088d9   Thumb Code   102  lcd.o(.text)
    LCD_Triangle                             0x0800893f   Thumb Code   276  lcd.o(.text)
    LCD_BackInit                             0x08008a53   Thumb Code  1268  lcd.o(.text)
    RedDot                                   0x08008f47   Thumb Code   476  lcd.o(.text)
    LCD_ShowDouble                           0x08009123   Thumb Code   338  lcd.o(.text)
    TIM14_PWM_Init                           0x080092c5   Thumb Code   154  pwm.o(.text)
    TIM10_PWM_Init                           0x0800935f   Thumb Code   160  pwm.o(.text)
    TP_Write_Byte                            0x0800940d   Thumb Code    64  touch.o(.text)
    TP_Read_AD                               0x0800944d   Thumb Code   132  touch.o(.text)
    TP_Read_XOY                              0x080094d1   Thumb Code   120  touch.o(.text)
    TP_Read_XY                               0x08009549   Thumb Code    38  touch.o(.text)
    TP_Read_XY2                              0x0800956f   Thumb Code   192  touch.o(.text)
    TP_Drow_Touch_Point                      0x0800962f   Thumb Code   108  touch.o(.text)
    TP_Draw_Big_Point                        0x0800969b   Thumb Code    54  touch.o(.text)
    TP_Scan                                  0x080096d1   Thumb Code   244  touch.o(.text)
    TP_Save_Adjdata                          0x080097c5   Thumb Code   166  touch.o(.text)
    TP_Get_Adjdata                           0x0800986b   Thumb Code   160  touch.o(.text)
    TP_Adj_Info_Show                         0x0800990b   Thumb Code   374  touch.o(.text)
    TP_Adjust                                0x08009a81   Thumb Code  2290  touch.o(.text)
    TP_Init                                  0x0800a373   Thumb Code   290  touch.o(.text)
    IfTouch                                  0x0800a495   Thumb Code   126  touch.o(.text)
    OTT2001A_WR_Reg                          0x0800a56d   Thumb Code    92  ott2001a.o(.text)
    OTT2001A_RD_Reg                          0x0800a5c9   Thumb Code    98  ott2001a.o(.text)
    OTT2001A_SensorControl                   0x0800a62b   Thumb Code    28  ott2001a.o(.text)
    OTT2001A_Init                            0x0800a647   Thumb Code   142  ott2001a.o(.text)
    OTT2001A_Scan                            0x0800a6d5   Thumb Code   478  ott2001a.o(.text)
    GT9147_WR_Reg                            0x0800a8f5   Thumb Code    92  gt9147.o(.text)
    GT9147_Send_Cfg                          0x0800a951   Thumb Code    86  gt9147.o(.text)
    GT9147_RD_Reg                            0x0800a9a7   Thumb Code    98  gt9147.o(.text)
    GT9147_Init                              0x0800aa09   Thumb Code   248  gt9147.o(.text)
    GT9147_Scan                              0x0800ab01   Thumb Code   494  gt9147.o(.text)
    FT5206_WR_Reg                            0x0800ad3d   Thumb Code    82  ft5206.o(.text)
    FT5206_RD_Reg                            0x0800ad8f   Thumb Code    88  ft5206.o(.text)
    FT5206_Init                              0x0800ade7   Thumb Code   202  ft5206.o(.text)
    FT5206_Scan                              0x0800aeb1   Thumb Code   400  ft5206.o(.text)
    CT_Delay                                 0x0800b069   Thumb Code    10  ctiic.o(.text)
    CT_IIC_Init                              0x0800b073   Thumb Code    60  ctiic.o(.text)
    CT_IIC_Start                             0x0800b0af   Thumb Code    62  ctiic.o(.text)
    CT_IIC_Stop                              0x0800b0ed   Thumb Code    56  ctiic.o(.text)
    CT_IIC_Wait_Ack                          0x0800b125   Thumb Code    78  ctiic.o(.text)
    CT_IIC_Ack                               0x0800b173   Thumb Code    66  ctiic.o(.text)
    CT_IIC_NAck                              0x0800b1b5   Thumb Code    66  ctiic.o(.text)
    CT_IIC_Send_Byte                         0x0800b1f7   Thumb Code    82  ctiic.o(.text)
    CT_IIC_Read_Byte                         0x0800b249   Thumb Code    92  ctiic.o(.text)
    AT24CXX_Init                             0x0800b2bd   Thumb Code     8  24cxx.o(.text)
    AT24CXX_ReadOneByte                      0x0800b2c5   Thumb Code    88  24cxx.o(.text)
    AT24CXX_WriteOneByte                     0x0800b31d   Thumb Code    80  24cxx.o(.text)
    AT24CXX_WriteLenByte                     0x0800b36d   Thumb Code    42  24cxx.o(.text)
    AT24CXX_ReadLenByte                      0x0800b397   Thumb Code    44  24cxx.o(.text)
    AT24CXX_Check                            0x0800b3c3   Thumb Code    46  24cxx.o(.text)
    AT24CXX_Read                             0x0800b3f1   Thumb Code    34  24cxx.o(.text)
    AT24CXX_Write                            0x0800b413   Thumb Code    36  24cxx.o(.text)
    IIC_Init                                 0x0800b439   Thumb Code    62  myiic.o(.text)
    IIC_Start                                0x0800b477   Thumb Code    68  myiic.o(.text)
    IIC_Stop                                 0x0800b4bb   Thumb Code    62  myiic.o(.text)
    IIC_Wait_Ack                             0x0800b4f9   Thumb Code    82  myiic.o(.text)
    IIC_Ack                                  0x0800b54b   Thumb Code    66  myiic.o(.text)
    IIC_NAck                                 0x0800b58d   Thumb Code    66  myiic.o(.text)
    IIC_Send_Byte                            0x0800b5cf   Thumb Code    90  myiic.o(.text)
    IIC_Read_Byte                            0x0800b629   Thumb Code    94  myiic.o(.text)
    KEY_Init                                 0x0800b695   Thumb Code    60  key.o(.text)
    KEY_Scan                                 0x0800b6d1   Thumb Code   168  key.o(.text)
    __use_no_semihosting                     0x0800b781   Thumb Code     2  use_no_semi_2.o(.text)
    __2printf                                0x0800b785   Thumb Code    20  noretval__2printf.o(.text)
    __printf                                 0x0800b79d   Thumb Code   104  __printf.o(.text)
    _printf_str                              0x0800b805   Thumb Code    82  _printf_str.o(.text)
    _printf_int_dec                          0x0800b859   Thumb Code   104  _printf_dec.o(.text)
    _printf_int_hex                          0x0800b8d1   Thumb Code    84  _printf_hex_int.o(.text)
    _printf_longlong_hex                     0x0800b8d1   Thumb Code     0  _printf_hex_int.o(.text)
    strcmp                                   0x0800b929   Thumb Code   128  strcmpv7m.o(.text)
    __use_two_region_memory                  0x0800b9a9   Thumb Code     2  heapauxi.o(.text)
    __rt_heap_escrow$2region                 0x0800b9ab   Thumb Code     2  heapauxi.o(.text)
    __rt_heap_expand$2region                 0x0800b9ad   Thumb Code     2  heapauxi.o(.text)
    __I$use$semihosting                      0x0800b9af   Thumb Code     0  use_no_semi.o(.text)
    __use_no_semihosting_swi                 0x0800b9af   Thumb Code     2  use_no_semi.o(.text)
    __read_errno                             0x0800b9b1   Thumb Code    10  _rserrno.o(.text)
    __set_errno                              0x0800b9bb   Thumb Code    12  _rserrno.o(.text)
    _printf_int_common                       0x0800b9c7   Thumb Code   178  _printf_intcommon.o(.text)
    _printf_cs_common                        0x0800ba79   Thumb Code    20  _printf_char.o(.text)
    _printf_char                             0x0800ba8d   Thumb Code    16  _printf_char.o(.text)
    _printf_string                           0x0800ba9d   Thumb Code     8  _printf_char.o(.text)
    _printf_char_file                        0x0800baa5   Thumb Code    32  _printf_char_file.o(.text)
    __aeabi_errno_addr                       0x0800bac9   Thumb Code     8  rt_errno_addr_intlibspace.o(.text)
    __errno$intlibspace                      0x0800bac9   Thumb Code     0  rt_errno_addr_intlibspace.o(.text)
    __rt_errno_addr$intlibspace              0x0800bac9   Thumb Code     0  rt_errno_addr_intlibspace.o(.text)
    _printf_char_common                      0x0800badb   Thumb Code    32  _printf_char_common.o(.text)
    ferror                                   0x0800bb01   Thumb Code     8  ferror.o(.text)
    __user_libspace                          0x0800bb09   Thumb Code     8  libspace.o(.text)
    __user_perproc_libspace                  0x0800bb09   Thumb Code     0  libspace.o(.text)
    __user_perthread_libspace                0x0800bb09   Thumb Code     0  libspace.o(.text)
    __user_setup_stackheap                   0x0800bb11   Thumb Code    74  sys_stackheap_outer.o(.text)
    exit                                     0x0800bb5b   Thumb Code    18  exit.o(.text)
    __ARM_fpclassify                         0x0800bb6d   Thumb Code    48  fpclassify.o(i.__ARM_fpclassify)
    __hardfp_sin                             0x0800bba1   Thumb Code   180  sin.o(i.__hardfp_sin)
    __hardfp_sqrt                            0x0800bc69   Thumb Code   122  sqrt.o(i.__hardfp_sqrt)
    __ieee754_rem_pio2                       0x0800bce9   Thumb Code   938  rred.o(i.__ieee754_rem_pio2)
    __kernel_cos                             0x0800c121   Thumb Code   322  cos_i.o(i.__kernel_cos)
    __kernel_poly                            0x0800c291   Thumb Code   248  poly.o(i.__kernel_poly)
    __kernel_sin                             0x0800c389   Thumb Code   280  sin_i.o(i.__kernel_sin)
    __mathlib_dbl_infnan                     0x0800c4b9   Thumb Code    20  dunder.o(i.__mathlib_dbl_infnan)
    __mathlib_dbl_invalid                    0x0800c4d1   Thumb Code    24  dunder.o(i.__mathlib_dbl_invalid)
    __mathlib_dbl_underflow                  0x0800c4f1   Thumb Code    24  dunder.o(i.__mathlib_dbl_underflow)
    fabs                                     0x0800c511   Thumb Code    24  fabs.o(i.fabs)
    __aeabi_dneg                             0x0800c529   Thumb Code     0  basic.o(x$fpl$basic)
    _dneg                                    0x0800c529   Thumb Code     6  basic.o(x$fpl$basic)
    __aeabi_fneg                             0x0800c52f   Thumb Code     0  basic.o(x$fpl$basic)
    _fneg                                    0x0800c52f   Thumb Code     6  basic.o(x$fpl$basic)
    _dabs                                    0x0800c535   Thumb Code     6  basic.o(x$fpl$basic)
    _fabs                                    0x0800c53b   Thumb Code     6  basic.o(x$fpl$basic)
    __aeabi_dadd                             0x0800c541   Thumb Code     0  daddsub_clz.o(x$fpl$dadd)
    _dadd                                    0x0800c541   Thumb Code   332  daddsub_clz.o(x$fpl$dadd)
    __fpl_dcmp_Inf                           0x0800c691   Thumb Code    24  dcmpi.o(x$fpl$dcmpinf)
    __aeabi_ddiv                             0x0800c6a9   Thumb Code     0  ddiv.o(x$fpl$ddiv)
    _ddiv                                    0x0800c6a9   Thumb Code   552  ddiv.o(x$fpl$ddiv)
    __aeabi_d2iz                             0x0800c959   Thumb Code     0  dfix.o(x$fpl$dfix)
    _dfix                                    0x0800c959   Thumb Code    94  dfix.o(x$fpl$dfix)
    __aeabi_d2uiz                            0x0800c9b9   Thumb Code     0  dfixu.o(x$fpl$dfixu)
    _dfixu                                   0x0800c9b9   Thumb Code    90  dfixu.o(x$fpl$dfixu)
    __aeabi_i2d                              0x0800ca13   Thumb Code     0  dflt_clz.o(x$fpl$dflt)
    _dflt                                    0x0800ca13   Thumb Code    46  dflt_clz.o(x$fpl$dflt)
    __aeabi_ui2d                             0x0800ca41   Thumb Code     0  dflt_clz.o(x$fpl$dfltu)
    _dfltu                                   0x0800ca41   Thumb Code    38  dflt_clz.o(x$fpl$dfltu)
    __aeabi_cdcmple                          0x0800ca69   Thumb Code     0  dleqf.o(x$fpl$dleqf)
    _dcmple                                  0x0800ca69   Thumb Code   120  dleqf.o(x$fpl$dleqf)
    __fpl_dcmple_InfNaN                      0x0800cacb   Thumb Code     0  dleqf.o(x$fpl$dleqf)
    __aeabi_dmul                             0x0800cae1   Thumb Code     0  dmul.o(x$fpl$dmul)
    _dmul                                    0x0800cae1   Thumb Code   332  dmul.o(x$fpl$dmul)
    __fpl_dnaninf                            0x0800cc35   Thumb Code   156  dnaninf.o(x$fpl$dnaninf)
    __fpl_dretinf                            0x0800ccd1   Thumb Code    12  dretinf.o(x$fpl$dretinf)
    __aeabi_cdrcmple                         0x0800ccdd   Thumb Code     0  drleqf.o(x$fpl$drleqf)
    _drcmple                                 0x0800ccdd   Thumb Code   108  drleqf.o(x$fpl$drleqf)
    __aeabi_drsub                            0x0800cd49   Thumb Code     0  daddsub_clz.o(x$fpl$drsb)
    _drsb                                    0x0800cd49   Thumb Code    22  daddsub_clz.o(x$fpl$drsb)
    _dsqrt                                   0x0800cd61   Thumb Code   404  dsqrt_umaal.o(x$fpl$dsqrt)
    __aeabi_dsub                             0x0800cef9   Thumb Code     0  daddsub_clz.o(x$fpl$dsub)
    _dsub                                    0x0800cef9   Thumb Code   464  daddsub_clz.o(x$fpl$dsub)
    __aeabi_f2d                              0x0800d0cd   Thumb Code     0  f2d.o(x$fpl$f2d)
    _f2d                                     0x0800d0cd   Thumb Code    86  f2d.o(x$fpl$f2d)
    __fpl_fnaninf                            0x0800d123   Thumb Code   140  fnaninf.o(x$fpl$fnaninf)
    _fp_init                                 0x0800d1af   Thumb Code    10  fpinit.o(x$fpl$fpinit)
    __fplib_config_fpu_vfp                   0x0800d1b7   Thumb Code     0  fpinit.o(x$fpl$fpinit)
    __fplib_config_pureend_doubles           0x0800d1b7   Thumb Code     0  fpinit.o(x$fpl$fpinit)
    FSMC_DefaultTimingStruct                 0x0800d1b8   Data          28  stm32f4xx_fsmc.o(.constdata)
    __I$use$fp                               0x0800d1b8   Number         0  usenofp.o(x$fpl$usenofp)
    asc2_1206                                0x0800d1d4   Data        1140  lcd.o(.constdata)
    asc2_1608                                0x0800d648   Data        1520  lcd.o(.constdata)
    asc2_2412                                0x0800dc38   Data        3420  lcd.o(.constdata)
    TP_REMIND_MSG_TBL                        0x0800e994   Data           4  touch.o(.constdata)
    OTT_TPX_TBL                              0x0800e998   Data          10  ott2001a.o(.constdata)
    GT9147_CFG_TBL                           0x0800e9a2   Data         184  gt9147.o(.constdata)
    GT9147_TPX_TBL                           0x0800ea5a   Data          10  gt9147.o(.constdata)
    FT5206_TPX_TBL                           0x0800ea64   Data          10  ft5206.o(.constdata)
    Region$$Table$$Base                      0x0800ec34   Number         0  anon$$obj.o(Region$$Table)
    Region$$Table$$Limit                     0x0800ec54   Number         0  anon$$obj.o(Region$$Table)
    SystemCoreClock                          0x20000000   Data           4  system_stm32f4xx.o(.data)
    AHBPrescTable                            0x20000004   Data          16  system_stm32f4xx.o(.data)
    __stdout                                 0x20000028   Data           4  usart.o(.data)
    USART_RX_STA                             0x2000002c   Data           2  usart.o(.data)
    POINT_COLOR                              0x2000002e   Data           2  lcd.o(.data)
    BACK_COLOR                               0x20000030   Data           2  lcd.o(.data)
    tp_dev                                   0x20000034   Data          52  touch.o(.data)
    CMD_RDX                                  0x20000068   Data           1  touch.o(.data)
    CMD_RDY                                  0x20000069   Data           1  touch.o(.data)
    USART_RX_BUF                             0x20000070   Data         200  usart.o(.bss)
    sinTable1                                0x20000138   Data         512  dac.o(.bss)
    sinTable2                                0x20000338   Data         512  dac.o(.bss)
    lcddev                                   0x20000538   Data          14  lcd.o(.bss)
    __libspace_start                         0x20000548   Data          96  libspace.o(.bss)
    __temporary_stack_top$libspace           0x200005a8   Data           0  libspace.o(.bss)



==============================================================================

Memory Map of the image

  Image Entry point : 0x08000189

  Load Region LR_IROM1 (Base: 0x08000000, Size: 0x0000ecc4, Max: 0x00100000, ABSOLUTE)

    Execution Region ER_IROM1 (Exec base: 0x08000000, Load base: 0x08000000, Size: 0x0000ec54, Max: 0x00100000, ABSOLUTE)

    Exec Addr    Load Addr    Size         Type   Attr      Idx    E Section Name        Object

    0x08000000   0x08000000   0x00000188   Data   RO          248    RESET               startup_stm32f40_41xxx.o
    0x08000188   0x08000188   0x00000008   Code   RO          929  * !!!main             c_w.l(__main.o)
    0x08000190   0x08000190   0x00000034   Code   RO         1213    !!!scatter          c_w.l(__scatter.o)
    0x080001c4   0x080001c4   0x0000001a   Code   RO         1215    !!handler_copy      c_w.l(__scatter_copy.o)
    0x080001de   0x080001de   0x00000002   PAD
    0x080001e0   0x080001e0   0x0000001c   Code   RO         1217    !!handler_zi        c_w.l(__scatter_zi.o)
    0x080001fc   0x080001fc   0x00000000   Code   RO          924    .ARM.Collect$$_printf_percent$$00000000  c_w.l(_printf_percent.o)
    0x080001fc   0x080001fc   0x00000006   Code   RO          923    .ARM.Collect$$_printf_percent$$00000009  c_w.l(_printf_d.o)
    0x08000202   0x08000202   0x00000006   Code   RO          922    .ARM.Collect$$_printf_percent$$0000000C  c_w.l(_printf_x.o)
    0x08000208   0x08000208   0x00000006   Code   RO          921    .ARM.Collect$$_printf_percent$$00000014  c_w.l(_printf_s.o)
    0x0800020e   0x0800020e   0x00000004   Code   RO          998    .ARM.Collect$$_printf_percent$$00000017  c_w.l(_printf_percent_end.o)
    0x08000212   0x08000212   0x00000002   Code   RO         1090    .ARM.Collect$$libinit$$00000000  c_w.l(libinit.o)
    0x08000214   0x08000214   0x00000004   Code   RO         1093    .ARM.Collect$$libinit$$00000001  c_w.l(libinit2.o)
    0x08000218   0x08000218   0x00000000   Code   RO         1096    .ARM.Collect$$libinit$$00000004  c_w.l(libinit2.o)
    0x08000218   0x08000218   0x00000000   Code   RO         1099    .ARM.Collect$$libinit$$0000000A  c_w.l(libinit2.o)
    0x08000218   0x08000218   0x00000000   Code   RO         1101    .ARM.Collect$$libinit$$0000000C  c_w.l(libinit2.o)
    0x08000218   0x08000218   0x00000000   Code   RO         1103    .ARM.Collect$$libinit$$0000000E  c_w.l(libinit2.o)
    0x08000218   0x08000218   0x00000000   Code   RO         1106    .ARM.Collect$$libinit$$00000011  c_w.l(libinit2.o)
    0x08000218   0x08000218   0x00000000   Code   RO         1108    .ARM.Collect$$libinit$$00000013  c_w.l(libinit2.o)
    0x08000218   0x08000218   0x00000000   Code   RO         1110    .ARM.Collect$$libinit$$00000015  c_w.l(libinit2.o)
    0x08000218   0x08000218   0x00000000   Code   RO         1112    .ARM.Collect$$libinit$$00000017  c_w.l(libinit2.o)
    0x08000218   0x08000218   0x00000000   Code   RO         1114    .ARM.Collect$$libinit$$00000019  c_w.l(libinit2.o)
    0x08000218   0x08000218   0x00000000   Code   RO         1116    .ARM.Collect$$libinit$$0000001B  c_w.l(libinit2.o)
    0x08000218   0x08000218   0x00000000   Code   RO         1118    .ARM.Collect$$libinit$$0000001D  c_w.l(libinit2.o)
    0x08000218   0x08000218   0x00000000   Code   RO         1120    .ARM.Collect$$libinit$$0000001F  c_w.l(libinit2.o)
    0x08000218   0x08000218   0x00000000   Code   RO         1122    .ARM.Collect$$libinit$$00000021  c_w.l(libinit2.o)
    0x08000218   0x08000218   0x00000000   Code   RO         1124    .ARM.Collect$$libinit$$00000023  c_w.l(libinit2.o)
    0x08000218   0x08000218   0x00000000   Code   RO         1126    .ARM.Collect$$libinit$$00000025  c_w.l(libinit2.o)
    0x08000218   0x08000218   0x00000000   Code   RO         1130    .ARM.Collect$$libinit$$0000002C  c_w.l(libinit2.o)
    0x08000218   0x08000218   0x00000000   Code   RO         1132    .ARM.Collect$$libinit$$0000002E  c_w.l(libinit2.o)
    0x08000218   0x08000218   0x00000000   Code   RO         1134    .ARM.Collect$$libinit$$00000030  c_w.l(libinit2.o)
    0x08000218   0x08000218   0x00000000   Code   RO         1136    .ARM.Collect$$libinit$$00000032  c_w.l(libinit2.o)
    0x08000218   0x08000218   0x00000002   Code   RO         1137    .ARM.Collect$$libinit$$00000033  c_w.l(libinit2.o)
    0x0800021a   0x0800021a   0x00000002   Code   RO         1155    .ARM.Collect$$libshutdown$$00000000  c_w.l(libshutdown.o)
    0x0800021c   0x0800021c   0x00000000   Code   RO         1165    .ARM.Collect$$libshutdown$$00000002  c_w.l(libshutdown2.o)
    0x0800021c   0x0800021c   0x00000000   Code   RO         1167    .ARM.Collect$$libshutdown$$00000004  c_w.l(libshutdown2.o)
    0x0800021c   0x0800021c   0x00000000   Code   RO         1170    .ARM.Collect$$libshutdown$$00000007  c_w.l(libshutdown2.o)
    0x0800021c   0x0800021c   0x00000000   Code   RO         1173    .ARM.Collect$$libshutdown$$0000000A  c_w.l(libshutdown2.o)
    0x0800021c   0x0800021c   0x00000000   Code   RO         1175    .ARM.Collect$$libshutdown$$0000000C  c_w.l(libshutdown2.o)
    0x0800021c   0x0800021c   0x00000000   Code   RO         1178    .ARM.Collect$$libshutdown$$0000000F  c_w.l(libshutdown2.o)
    0x0800021c   0x0800021c   0x00000002   Code   RO         1179    .ARM.Collect$$libshutdown$$00000010  c_w.l(libshutdown2.o)
    0x0800021e   0x0800021e   0x00000000   Code   RO          989    .ARM.Collect$$rtentry$$00000000  c_w.l(__rtentry.o)
    0x0800021e   0x0800021e   0x00000000   Code   RO         1041    .ARM.Collect$$rtentry$$00000002  c_w.l(__rtentry2.o)
    0x0800021e   0x0800021e   0x00000006   Code   RO         1053    .ARM.Collect$$rtentry$$00000004  c_w.l(__rtentry4.o)
    0x08000224   0x08000224   0x00000000   Code   RO         1043    .ARM.Collect$$rtentry$$00000009  c_w.l(__rtentry2.o)
    0x08000224   0x08000224   0x00000004   Code   RO         1044    .ARM.Collect$$rtentry$$0000000A  c_w.l(__rtentry2.o)
    0x08000228   0x08000228   0x00000000   Code   RO         1046    .ARM.Collect$$rtentry$$0000000C  c_w.l(__rtentry2.o)
    0x08000228   0x08000228   0x00000008   Code   RO         1047    .ARM.Collect$$rtentry$$0000000D  c_w.l(__rtentry2.o)
    0x08000230   0x08000230   0x00000002   Code   RO         1091    .ARM.Collect$$rtexit$$00000000  c_w.l(rtexit.o)
    0x08000232   0x08000232   0x00000000   Code   RO         1139    .ARM.Collect$$rtexit$$00000002  c_w.l(rtexit2.o)
    0x08000232   0x08000232   0x00000004   Code   RO         1140    .ARM.Collect$$rtexit$$00000003  c_w.l(rtexit2.o)
    0x08000236   0x08000236   0x00000006   Code   RO         1141    .ARM.Collect$$rtexit$$00000004  c_w.l(rtexit2.o)
    0x0800023c   0x0800023c   0x00000c24   Code   RO            3    .text               main.o
    0x08000e60   0x08000e60   0x0000001a   Code   RO          173    .text               stm32f4xx_it.o
    0x08000e7a   0x08000e7a   0x00000002   PAD
    0x08000e7c   0x08000e7c   0x00000210   Code   RO          222    .text               system_stm32f4xx.o
    0x0800108c   0x0800108c   0x00000040   Code   RO          249    .text               startup_stm32f40_41xxx.o
    0x080010cc   0x080010cc   0x000000e0   Code   RO          255    .text               misc.o
    0x080011ac   0x080011ac   0x00000210   Code   RO          295    .text               stm32f4xx_dac.o
    0x080013bc   0x080013bc   0x000003a8   Code   RO          315    .text               stm32f4xx_dma.o
    0x08001764   0x08001764   0x00000294   Code   RO          335    .text               stm32f4xx_gpio.o
    0x080019f8   0x080019f8   0x0000065c   Code   RO          375    .text               stm32f4xx_rcc.o
    0x08002054   0x08002054   0x00000ca2   Code   RO          437    .text               stm32f4xx_tim.o
    0x08002cf6   0x08002cf6   0x00000002   PAD
    0x08002cf8   0x08002cf8   0x00000454   Code   RO          477    .text               stm32f4xx_usart.o
    0x0800314c   0x0800314c   0x000005c8   Code   RO          497    .text               stm32f4xx_fsmc.o
    0x08003714   0x08003714   0x00000104   Code   RO          520    .text               delay.o
    0x08003818   0x08003818   0x00000148   Code   RO          560    .text               usart.o
    0x08003960   0x08003960   0x00000304   Code   RO          591    .text               dac.o
    0x08003c64   0x08003c64   0x00005660   Code   RO          618    .text               lcd.o
    0x080092c4   0x080092c4   0x00000148   Code   RO          649    .text               pwm.o
    0x0800940c   0x0800940c   0x00001160   Code   RO          673    .text               touch.o
    0x0800a56c   0x0800a56c   0x00000388   Code   RO          707    .text               ott2001a.o
    0x0800a8f4   0x0800a8f4   0x00000448   Code   RO          734    .text               gt9147.o
    0x0800ad3c   0x0800ad3c   0x0000032c   Code   RO          764    .text               ft5206.o
    0x0800b068   0x0800b068   0x00000254   Code   RO          788    .text               ctiic.o
    0x0800b2bc   0x0800b2bc   0x0000017a   Code   RO          808    .text               24cxx.o
    0x0800b436   0x0800b436   0x00000002   PAD
    0x0800b438   0x0800b438   0x0000025c   Code   RO          828    .text               myiic.o
    0x0800b694   0x0800b694   0x000000ec   Code   RO          848    .text               key.o
    0x0800b780   0x0800b780   0x00000002   Code   RO          868    .text               c_w.l(use_no_semi_2.o)
    0x0800b782   0x0800b782   0x00000002   PAD
    0x0800b784   0x0800b784   0x00000018   Code   RO          872    .text               c_w.l(noretval__2printf.o)
    0x0800b79c   0x0800b79c   0x00000068   Code   RO          874    .text               c_w.l(__printf.o)
    0x0800b804   0x0800b804   0x00000052   Code   RO          876    .text               c_w.l(_printf_str.o)
    0x0800b856   0x0800b856   0x00000002   PAD
    0x0800b858   0x0800b858   0x00000078   Code   RO          878    .text               c_w.l(_printf_dec.o)
    0x0800b8d0   0x0800b8d0   0x00000058   Code   RO          883    .text               c_w.l(_printf_hex_int.o)
    0x0800b928   0x0800b928   0x00000080   Code   RO          925    .text               c_w.l(strcmpv7m.o)
    0x0800b9a8   0x0800b9a8   0x00000006   Code   RO          927    .text               c_w.l(heapauxi.o)
    0x0800b9ae   0x0800b9ae   0x00000002   Code   RO          987    .text               c_w.l(use_no_semi.o)
    0x0800b9b0   0x0800b9b0   0x00000016   Code   RO          990    .text               c_w.l(_rserrno.o)
    0x0800b9c6   0x0800b9c6   0x000000b2   Code   RO          992    .text               c_w.l(_printf_intcommon.o)
    0x0800ba78   0x0800ba78   0x0000002c   Code   RO          994    .text               c_w.l(_printf_char.o)
    0x0800baa4   0x0800baa4   0x00000024   Code   RO          996    .text               c_w.l(_printf_char_file.o)
    0x0800bac8   0x0800bac8   0x00000008   Code   RO         1058    .text               c_w.l(rt_errno_addr_intlibspace.o)
    0x0800bad0   0x0800bad0   0x00000030   Code   RO         1060    .text               c_w.l(_printf_char_common.o)
    0x0800bb00   0x0800bb00   0x00000008   Code   RO         1062    .text               c_w.l(ferror.o)
    0x0800bb08   0x0800bb08   0x00000008   Code   RO         1076    .text               c_w.l(libspace.o)
    0x0800bb10   0x0800bb10   0x0000004a   Code   RO         1079    .text               c_w.l(sys_stackheap_outer.o)
    0x0800bb5a   0x0800bb5a   0x00000012   Code   RO         1083    .text               c_w.l(exit.o)
    0x0800bb6c   0x0800bb6c   0x00000030   Code   RO         1072    i.__ARM_fpclassify  m_wm.l(fpclassify.o)
    0x0800bb9c   0x0800bb9c   0x00000004   PAD
    0x0800bba0   0x0800bba0   0x000000c8   Code   RO          963    i.__hardfp_sin      m_wm.l(sin.o)
    0x0800bc68   0x0800bc68   0x0000007a   Code   RO          975    i.__hardfp_sqrt     m_wm.l(sqrt.o)
    0x0800bce2   0x0800bce2   0x00000006   PAD
    0x0800bce8   0x0800bce8   0x00000438   Code   RO         1029    i.__ieee754_rem_pio2  m_wm.l(rred.o)
    0x0800c120   0x0800c120   0x00000170   Code   RO         1012    i.__kernel_cos      m_wm.l(cos_i.o)
    0x0800c290   0x0800c290   0x000000f8   Code   RO         1074    i.__kernel_poly     m_wm.l(poly.o)
    0x0800c388   0x0800c388   0x00000130   Code   RO         1034    i.__kernel_sin      m_wm.l(sin_i.o)
    0x0800c4b8   0x0800c4b8   0x00000014   Code   RO         1016    i.__mathlib_dbl_infnan  m_wm.l(dunder.o)
    0x0800c4cc   0x0800c4cc   0x00000004   PAD
    0x0800c4d0   0x0800c4d0   0x00000020   Code   RO         1018    i.__mathlib_dbl_invalid  m_wm.l(dunder.o)
    0x0800c4f0   0x0800c4f0   0x00000020   Code   RO         1021    i.__mathlib_dbl_underflow  m_wm.l(dunder.o)
    0x0800c510   0x0800c510   0x00000018   Code   RO         1068    i.fabs              m_wm.l(fabs.o)
    0x0800c528   0x0800c528   0x00000018   Code   RO          999    x$fpl$basic         fz_wm.l(basic.o)
    0x0800c540   0x0800c540   0x00000150   Code   RO          931    x$fpl$dadd          fz_wm.l(daddsub_clz.o)
    0x0800c690   0x0800c690   0x00000018   Code   RO         1001    x$fpl$dcmpinf       fz_wm.l(dcmpi.o)
    0x0800c6a8   0x0800c6a8   0x000002b0   Code   RO          938    x$fpl$ddiv          fz_wm.l(ddiv.o)
    0x0800c958   0x0800c958   0x0000005e   Code   RO          941    x$fpl$dfix          fz_wm.l(dfix.o)
    0x0800c9b6   0x0800c9b6   0x00000002   PAD
    0x0800c9b8   0x0800c9b8   0x0000005a   Code   RO          945    x$fpl$dfixu         fz_wm.l(dfixu.o)
    0x0800ca12   0x0800ca12   0x0000002e   Code   RO          950    x$fpl$dflt          fz_wm.l(dflt_clz.o)
    0x0800ca40   0x0800ca40   0x00000026   Code   RO          949    x$fpl$dfltu         fz_wm.l(dflt_clz.o)
    0x0800ca66   0x0800ca66   0x00000002   PAD
    0x0800ca68   0x0800ca68   0x00000078   Code   RO          955    x$fpl$dleqf         fz_wm.l(dleqf.o)
    0x0800cae0   0x0800cae0   0x00000154   Code   RO          957    x$fpl$dmul          fz_wm.l(dmul.o)
    0x0800cc34   0x0800cc34   0x0000009c   Code   RO         1003    x$fpl$dnaninf       fz_wm.l(dnaninf.o)
    0x0800ccd0   0x0800ccd0   0x0000000c   Code   RO         1005    x$fpl$dretinf       fz_wm.l(dretinf.o)
    0x0800ccdc   0x0800ccdc   0x0000006c   Code   RO          959    x$fpl$drleqf        fz_wm.l(drleqf.o)
    0x0800cd48   0x0800cd48   0x00000016   Code   RO          932    x$fpl$drsb          fz_wm.l(daddsub_clz.o)
    0x0800cd5e   0x0800cd5e   0x00000002   PAD
    0x0800cd60   0x0800cd60   0x00000198   Code   RO         1007    x$fpl$dsqrt         fz_wm.l(dsqrt_umaal.o)
    0x0800cef8   0x0800cef8   0x000001d4   Code   RO          933    x$fpl$dsub          fz_wm.l(daddsub_clz.o)
    0x0800d0cc   0x0800d0cc   0x00000056   Code   RO          961    x$fpl$f2d           fz_wm.l(f2d.o)
    0x0800d122   0x0800d122   0x0000008c   Code   RO         1009    x$fpl$fnaninf       fz_wm.l(fnaninf.o)
    0x0800d1ae   0x0800d1ae   0x0000000a   Code   RO         1147    x$fpl$fpinit        fz_wm.l(fpinit.o)
    0x0800d1b8   0x0800d1b8   0x00000000   Code   RO         1011    x$fpl$usenofp       fz_wm.l(usenofp.o)
    0x0800d1b8   0x0800d1b8   0x0000001c   Data   RO          498    .constdata          stm32f4xx_fsmc.o
    0x0800d1d4   0x0800d1d4   0x000017c0   Data   RO          620    .constdata          lcd.o
    0x0800e994   0x0800e994   0x00000004   Data   RO          674    .constdata          touch.o
    0x0800e998   0x0800e998   0x0000000a   Data   RO          708    .constdata          ott2001a.o
    0x0800e9a2   0x0800e9a2   0x000000c2   Data   RO          735    .constdata          gt9147.o
    0x0800ea64   0x0800ea64   0x0000000a   Data   RO          765    .constdata          ft5206.o
    0x0800ea6e   0x0800ea6e   0x00000028   Data   RO          884    .constdata          c_w.l(_printf_hex_int.o)
    0x0800ea96   0x0800ea96   0x00000002   PAD
    0x0800ea98   0x0800ea98   0x00000030   Data   RO         1013    .constdata          m_wm.l(cos_i.o)
    0x0800eac8   0x0800eac8   0x000000c8   Data   RO         1031    .constdata          m_wm.l(rred.o)
    0x0800eb90   0x0800eb90   0x00000028   Data   RO         1035    .constdata          m_wm.l(sin_i.o)
    0x0800ebb8   0x0800ebb8   0x00000079   Data   RO          675    .conststring        touch.o
    0x0800ec31   0x0800ec31   0x00000003   PAD
    0x0800ec34   0x0800ec34   0x00000020   Data   RO         1211    Region$$Table       anon$$obj.o


    Execution Region RW_IRAM1 (Exec base: 0x20000000, Load base: 0x0800ec54, Size: 0x00000ba8, Max: 0x00020000, ABSOLUTE)

    Exec Addr    Load Addr    Size         Type   Attr      Idx    E Section Name        Object

    0x20000000   0x0800ec54   0x00000014   Data   RW          223    .data               system_stm32f4xx.o
    0x20000014   0x0800ec68   0x00000010   Data   RW          376    .data               stm32f4xx_rcc.o
    0x20000024   0x0800ec78   0x00000004   Data   RW          521    .data               delay.o
    0x20000028   0x0800ec7c   0x00000006   Data   RW          562    .data               usart.o
    0x2000002e   0x0800ec82   0x00000004   Data   RW          621    .data               lcd.o
    0x20000032   0x0800ec86   0x00000002   PAD
    0x20000034   0x0800ec88   0x00000036   Data   RW          676    .data               touch.o
    0x2000006a   0x0800ecbe   0x00000001   Data   RW          709    .data               ott2001a.o
    0x2000006b   0x0800ecbf   0x00000001   Data   RW          736    .data               gt9147.o
    0x2000006c   0x0800ecc0   0x00000001   Data   RW          766    .data               ft5206.o
    0x2000006d   0x0800ecc1   0x00000003   PAD
    0x20000070        -       0x000000c8   Zero   RW          561    .bss                usart.o
    0x20000138        -       0x00000400   Zero   RW          592    .bss                dac.o
    0x20000538        -       0x0000000e   Zero   RW          619    .bss                lcd.o
    0x20000546   0x0800ecc1   0x00000002   PAD
    0x20000548        -       0x00000060   Zero   RW         1077    .bss                c_w.l(libspace.o)
    0x200005a8        -       0x00000200   Zero   RW          247    HEAP                startup_stm32f40_41xxx.o
    0x200007a8        -       0x00000400   Zero   RW          246    STACK               startup_stm32f40_41xxx.o


==============================================================================

Image component sizes


      Code (inc. data)   RO Data    RW Data    ZI Data      Debug   Object Name

       378          0          0          0          0       2894   24cxx.o
       596         24          0          0          0       2125   ctiic.o
       772         62          0          0       1024       2927   dac.o
       260          8          0          4          0       1557   delay.o
       812         40         10          1          0       2651   ft5206.o
      1096         78        194          1          0       3210   gt9147.o
       236          8          0          0          0        872   key.o
     22112        326       6080          4         14      25166   lcd.o
      3108        194          0          0          0     308863   main.o
       224         20          0          0          0       1893   misc.o
       604         14          0          0          0       1960   myiic.o
       904         66         10          1          0       2867   ott2001a.o
       328         14          0          0          0       1340   pwm.o
        64         26        392          0       1536        860   startup_stm32f40_41xxx.o
       528          6          0          0          0       5121   stm32f4xx_dac.o
       936         32          0          0          0       6469   stm32f4xx_dma.o
      1480         18         28          0          0       5762   stm32f4xx_fsmc.o
       660         44          0          0          0       4233   stm32f4xx_gpio.o
        26          0          0          0          0       1262   stm32f4xx_it.o
      1628         52          0         16          0      13148   stm32f4xx_rcc.o
      3234         60          0          0          0      23092   stm32f4xx_tim.o
      1108         34          0          0          0       7960   stm32f4xx_usart.o
       528         46          0         20          0       1891   system_stm32f4xx.o
      4448        230        125         54          0       7433   touch.o
       328         16          0          6        200       3418   usart.o

    ----------------------------------------------------------------------
     46404       1418       6874        112       2776     438974   Object Totals
         0          0         32          0          0          0   (incl. Generated)
         6          0          3          5          2          0   (incl. Padding)

    ----------------------------------------------------------------------

      Code (inc. data)   RO Data    RW Data    ZI Data      Debug   Library Member Name

         8          0          0          0          0         68   __main.o
       104          0          0          0          0         84   __printf.o
         0          0          0          0          0          0   __rtentry.o
        12          0          0          0          0          0   __rtentry2.o
         6          0          0          0          0          0   __rtentry4.o
        52          8          0          0          0          0   __scatter.o
        26          0          0          0          0          0   __scatter_copy.o
        28          0          0          0          0          0   __scatter_zi.o
        44          0          0          0          0        108   _printf_char.o
        48          6          0          0          0         96   _printf_char_common.o
        36          4          0          0          0         80   _printf_char_file.o
         6          0          0          0          0          0   _printf_d.o
       120         16          0          0          0         92   _printf_dec.o
        88          4         40          0          0         88   _printf_hex_int.o
       178          0          0          0          0         88   _printf_intcommon.o
         0          0          0          0          0          0   _printf_percent.o
         4          0          0          0          0          0   _printf_percent_end.o
         6          0          0          0          0          0   _printf_s.o
        82          0          0          0          0         80   _printf_str.o
         6          0          0          0          0          0   _printf_x.o
        22          0          0          0          0        100   _rserrno.o
        18          0          0          0          0         80   exit.o
         8          0          0          0          0         68   ferror.o
         6          0          0          0          0        152   heapauxi.o
         2          0          0          0          0          0   libinit.o
         6          0          0          0          0          0   libinit2.o
         2          0          0          0          0          0   libshutdown.o
         2          0          0          0          0          0   libshutdown2.o
         8          4          0          0         96         68   libspace.o
        24          4          0          0          0         84   noretval__2printf.o
         8          4          0          0          0         68   rt_errno_addr_intlibspace.o
         2          0          0          0          0          0   rtexit.o
        10          0          0          0          0          0   rtexit2.o
       128          0          0          0          0         68   strcmpv7m.o
        74          0          0          0          0         80   sys_stackheap_outer.o
         2          0          0          0          0         68   use_no_semi.o
         2          0          0          0          0         68   use_no_semi_2.o
        24          0          0          0          0        164   basic.o
       826         16          0          0          0        492   daddsub_clz.o
        24          0          0          0          0        116   dcmpi.o
       688        140          0          0          0        256   ddiv.o
        94          4          0          0          0        140   dfix.o
        90          4          0          0          0        140   dfixu.o
        84          0          0          0          0        232   dflt_clz.o
       120          4          0          0          0        140   dleqf.o
       340         12          0          0          0        152   dmul.o
       156          4          0          0          0        140   dnaninf.o
        12          0          0          0          0        116   dretinf.o
       108          0          0          0          0        128   drleqf.o
       408         56          0          0          0        168   dsqrt_umaal.o
        86          4          0          0          0        132   f2d.o
       140          4          0          0          0        132   fnaninf.o
        10          0          0          0          0        116   fpinit.o
         0          0          0          0          0          0   usenofp.o
       368         46         48          0          0        200   cos_i.o
        84         16          0          0          0        372   dunder.o
        24          0          0          0          0        124   fabs.o
        48          0          0          0          0        124   fpclassify.o
       248          0          0          0          0        152   poly.o
      1080        142        200          0          0        188   rred.o
       200         20          0          0          0        164   sin.o
       304         24         40          0          0        208   sin_i.o
       122          0          0          0          0        148   sqrt.o

    ----------------------------------------------------------------------
      6892        546        330          0         96       6132   Library Totals
        26          0          2          0          0          0   (incl. Padding)

    ----------------------------------------------------------------------

      Code (inc. data)   RO Data    RW Data    ZI Data      Debug   Library Name

      1178         50         40          0         96       1688   c_w.l
      3210        248          0          0          0       2764   fz_wm.l
      2478        248        288          0          0       1680   m_wm.l

    ----------------------------------------------------------------------
      6892        546        330          0         96       6132   Library Totals

    ----------------------------------------------------------------------

==============================================================================


      Code (inc. data)   RO Data    RW Data    ZI Data      Debug   

     53296       1964       7204        112       2872     436874   Grand Totals
     53296       1964       7204        112       2872     436874   ELF Image Totals
     53296       1964       7204        112          0          0   ROM Totals

==============================================================================

    Total RO  Size (Code + RO Data)                60500 (  59.08kB)
    Total RW  Size (RW Data + ZI Data)              2984 (   2.91kB)
    Total ROM Size (Code + RO Data + RW Data)      60612 (  59.19kB)

==============================================================================

